Archive member included to satisfy reference by file (symbol)

../lib/lib.a(syscallib.o)     matmult.o (exit)
../lib/lib.a(vsprintf.o)      matmult.o (printf)
../lib/lib.a(mathfunc.o)      ../lib/lib.a(vsprintf.o) (modf)
../lib/lib.a(strtol.o)        matmult.o (atoi)
../lib/lib.a(library.o)       ../lib/lib.a(vsprintf.o) (memcpy)
../lib/lib.a(malloc.o)        ../lib/lib.a(library.o) (malloc)
../lib/lib.a(string.o)        ../lib/lib.a(vsprintf.o) (strlen)
../lib/lib.a(pow.o)           ../lib/lib.a(mathfunc.o) (_abs)
../lib/lib.a(klib.o)          ../lib/lib.a(malloc.o) (bzero)

Discarded input sections

 .group         0x0000000000000000        0x8 matmult.o
 .group         0x0000000000000000        0x8 matmult.o
 .group         0x0000000000000000        0x8 ../lib/lib.a(vsprintf.o)
 .group         0x0000000000000000        0x8 ../lib/lib.a(vsprintf.o)
 .group         0x0000000000000000        0x8 ../lib/lib.a(vsprintf.o)
 .text.__x86.get_pc_thunk.bx
                0x0000000000000000        0x4 ../lib/lib.a(vsprintf.o)
 .group         0x0000000000000000        0x8 ../lib/lib.a(mathfunc.o)
 .group         0x0000000000000000        0x8 ../lib/lib.a(mathfunc.o)
 .text.__x86.get_pc_thunk.ax
                0x0000000000000000        0x4 ../lib/lib.a(mathfunc.o)
 .text.__x86.get_pc_thunk.bx
                0x0000000000000000        0x4 ../lib/lib.a(mathfunc.o)
 .group         0x0000000000000000        0x8 ../lib/lib.a(strtol.o)
 .group         0x0000000000000000        0x8 ../lib/lib.a(strtol.o)
 .text.__x86.get_pc_thunk.ax
                0x0000000000000000        0x4 ../lib/lib.a(strtol.o)
 .text.__x86.get_pc_thunk.bx
                0x0000000000000000        0x4 ../lib/lib.a(strtol.o)
 .group         0x0000000000000000        0x8 ../lib/lib.a(library.o)
 .group         0x0000000000000000        0x8 ../lib/lib.a(library.o)
 .text.__x86.get_pc_thunk.ax
                0x0000000000000000        0x4 ../lib/lib.a(library.o)
 .text.__x86.get_pc_thunk.bx
                0x0000000000000000        0x4 ../lib/lib.a(library.o)
 .group         0x0000000000000000        0x8 ../lib/lib.a(malloc.o)
 .group         0x0000000000000000        0x8 ../lib/lib.a(malloc.o)
 .text.__x86.get_pc_thunk.ax
                0x0000000000000000        0x4 ../lib/lib.a(malloc.o)
 .text.__x86.get_pc_thunk.bx
                0x0000000000000000        0x4 ../lib/lib.a(malloc.o)
 .group         0x0000000000000000        0x8 ../lib/lib.a(string.o)
 .text.__x86.get_pc_thunk.ax
                0x0000000000000000        0x4 ../lib/lib.a(string.o)

Memory Configuration

Name             Origin             Length             Attributes
*default*        0x0000000000000000 0xffffffffffffffff

Linker script and memory map

                0x0000000020000000                . = 0x20000000

.text           0x0000000020000000     0x5034
                0x0000000020000000        0x4 LONG 0x47b853
                0x0000000020000004        0x4 LONG 0xe3890000
                0x0000000020000008        0x4 LONG 0x8c381
                0x000000002000000c        0x4 LONG 0x30cd0000
 *(.text)
 .text          0x0000000020000010      0x231 matmult.o
                0x0000000020000010                mmult
                0x0000000020000170                fill_matrix
                0x00000000200001b0                print_matrix
 *fill*         0x0000000020000241        0xf 
 .text          0x0000000020000250      0x3dc ../lib/lib.a(syscallib.o)
                0x0000000020000250                open
                0x000000002000025b                close
                0x0000000020000266                read
                0x0000000020000271                write
                0x000000002000027c                lseek
                0x0000000020000287                mkdir
                0x0000000020000292                rmdir
                0x000000002000029d                chdir
                0x00000000200002a8                creat
                0x00000000200002b3                rename
                0x00000000200002be                opendir_internal
                0x00000000200002c9                closedir_internal
                0x00000000200002d4                readdir
                0x00000000200002df                stat
                0x00000000200002ea                unlink
                0x00000000200002f5                chmod
                0x0000000020000300                dup
                0x000000002000030b                dup2
                0x0000000020000316                setcursor
                0x0000000020000321                getchar
                0x000000002000032c                getchare
                0x0000000020000337                getscanchar
                0x0000000020000342                putchar
                0x000000002000034d                puts
                0x0000000020000379                readblocks
                0x0000000020000384                writeblocks
                0x000000002000038f                sync
                0x000000002000039a                txpkt
                0x00000000200003a5                rxpkt
                0x00000000200003b0                tsleep
                0x00000000200003bb                tsendto
                0x00000000200003c6                exectask
                0x00000000200003d1                trecvfrom
                0x00000000200003dc                exit
                0x00000000200003e7                pthread_create
                0x00000000200003f2                pthread_exit
                0x00000000200003fd                pthread_join
                0x0000000020000408                pthread_detach
                0x0000000020000413                pthread_yield
                0x000000002000041e                pthread_mutex_init
                0x0000000020000429                pthread_mutex_trylock
                0x0000000020000434                pthread_mutex_lock
                0x000000002000043f                pthread_mutex_unlock
                0x000000002000044a                pthread_cond_init
                0x0000000020000455                pthread_cond_wait
                0x0000000020000460                pthread_cond_signal
                0x000000002000046b                pthread_cond_broadcast
                0x0000000020000476                pthread_barrier_init
                0x0000000020000481                pthread_barrier_wait
                0x000000002000048c                socket
                0x0000000020000497                bind
                0x00000000200004a2                recv
                0x00000000200004ad                recvfrom
                0x00000000200004b8                send
                0x00000000200004c3                sendto
                0x00000000200004ce                connect
                0x00000000200004d9                accept
                0x00000000200004e4                listen
                0x00000000200004ef                kill
                0x00000000200004fa                getprocinfo
                0x0000000020000505                getpids
                0x0000000020000510                sem_init
                0x000000002000051b                sem_destroy_internal
                0x0000000020000526                sem_openv
                0x0000000020000531                sem_close_internal
                0x000000002000053c                sem_unlink
                0x0000000020000547                sem_wait
                0x0000000020000552                sem_trywait
                0x000000002000055d                sem_timedwait
                0x0000000020000568                sem_post
                0x0000000020000573                sem_getvalue
                0x000000002000057e                time
                0x0000000020000589                pthread_self
                0x0000000020000594                brk_internal
                0x000000002000059c                gettsc
                0x00000000200005a4                memstatus
                0x00000000200005ac                _wait
                0x00000000200005b4                pageinfo
                0x00000000200005bc                machid
                0x00000000200005c4                getcharf
                0x00000000200005cc                ungetcharf
                0x00000000200005d4                broadcast
                0x00000000200005dc                primalloc_internal
                0x00000000200005e4                prifree_internal
                0x00000000200005ec                lscr
                0x00000000200005f4                gotoscr
                0x00000000200005fc                marktsc
                0x0000000020000604                timed
                0x000000002000060c                pthread_mutex_destroy
                0x0000000020000614                make_intr
 .text          0x000000002000062c     0x19a9 ../lib/lib.a(vsprintf.o)
                0x00000000200015d0                vsprintf
                0x0000000020001b7e                sprintf
                0x0000000020001bb7                printf
                0x0000000020001f49                fcvtbuf
                0x0000000020001f8f                ecvtbuf
 .text          0x0000000020001fd5      0xc5d ../lib/lib.a(mathfunc.o)
                0x0000000020001fd5                abs
                0x000000002000200d                modf
                0x000000002000205f                floor
                0x0000000020002165                pow
                0x00000000200022b7                log
                0x00000000200022fd                ldexp
                0x0000000020002342                exp
                0x00000000200024ab                sqrt
                0x000000002000253c                atan2
                0x00000000200027c6                atan
                0x0000000020002822                asin
                0x00000000200028f9                acos
                0x0000000020002959                cos
                0x00000000200029a5                sin
                0x0000000020002bb0                tan
                0x0000000020002bfd                fabs
 .text          0x0000000020002c32      0x437 ../lib/lib.a(strtol.o)
                0x0000000020002f25                strtol
                0x0000000020002f4c                strtoul
                0x0000000020002f73                atol
                0x0000000020003049                atoi
 .text          0x0000000020003069      0x9e3 ../lib/lib.a(library.o)
                0x0000000020003069                getc
                0x00000000200030a0                fgetc
                0x00000000200030c0                ungetc
                0x00000000200030f2                gets
                0x0000000020003162                fgets
                0x00000000200031e6                fopen
                0x0000000020003304                fclose
                0x0000000020003351                memcpy
                0x0000000020003389                memmove
                0x00000000200033b1                readline
                0x00000000200037ee                htonl
                0x00000000200037fd                htons
                0x000000002000381a                err_dump
                0x0000000020003852                inet_addr
                0x0000000020003900                perror
                0x000000002000392c                fork
                0x000000002000393c                getenv
                0x0000000020003a29                abort
 .text          0x0000000020003a4c      0xace ../lib/lib.a(malloc.o)
                0x0000000020003a4c                ucheck_release_core
                0x0000000020003af4                uinsert_avail_node
                0x0000000020003d0e                udelete_avail_node
                0x0000000020003d9e                ucreate_mem_list_node
                0x0000000020003f23                malloc
                0x0000000020004212                free
                0x00000000200042ff                brk
                0x000000002000434e                primalloc
                0x000000002000439d                prifree
                0x00000000200043f0                calloc
                0x0000000020004443                realloc
 .text          0x000000002000451a      0x713 ../lib/lib.a(string.o)
                0x000000002000451a                strcpy
                0x0000000020004587                strcat
                0x0000000020004608                strcmp
                0x0000000020004699                strlen
                0x00000000200046ce                strnlen
                0x000000002000470f                strncpy
                0x0000000020004788                strncat
                0x0000000020004814                strncmp
                0x00000000200048b4                toupper
                0x00000000200048e5                tolower
                0x0000000020004916                isspace
                0x0000000020004941                isalpha
                0x0000000020004973                isnum
                0x0000000020004997                isdigit
                0x00000000200049bb                isxdigit
                0x00000000200049fb                strstr
                0x0000000020004a4d                strchr
                0x0000000020004a8e                strcasecmp
                0x0000000020004b56                strncasecmp
 *fill*         0x0000000020004c2d        0x3 
 .text          0x0000000020004c30       0xc1 ../lib/lib.a(pow.o)
                0x0000000020004c30                pow_internal
                0x0000000020004c69                _abs
                0x0000000020004c74                round
                0x0000000020004c7f                madd
                0x0000000020004c8c                ylog2x
                0x0000000020004c9b                ceil
                0x0000000020004caf                p2xminus1
                0x0000000020004cba                p2xstary
                0x0000000020004cd5                frexp
 *fill*         0x0000000020004cf1        0xf 
 .text          0x0000000020004d00       0xdd ../lib/lib.a(klib.o)
                0x0000000020004d00                in_byte
                0x0000000020004d0b                in_word
                0x0000000020004d17                out_byte
                0x0000000020004d25                out_word
                0x0000000020004d34                bzero
                0x0000000020004d55                memset
                0x0000000020004d78                memcmp
                0x0000000020004db4                bcopy
 *(.fixup)
 *(.kstrtab)
 *(.rodata)
 *fill*         0x0000000020004ddd        0x3 
 .rodata        0x0000000020004de0      0x188 ../lib/lib.a(vsprintf.o)
 .rodata        0x0000000020004f68       0x50 ../lib/lib.a(mathfunc.o)
 .rodata        0x0000000020004fb8       0x26 ../lib/lib.a(library.o)
 *fill*         0x0000000020004fde        0x2 
 .rodata        0x0000000020004fe0       0x54 ../lib/lib.a(malloc.o)

.text.startup   0x0000000020005040      0x249
 .text.startup  0x0000000020005040      0x249 matmult.o
                0x0000000020005040                main

.text.__x86.get_pc_thunk.bx
                0x0000000020005289        0x4
 .text.__x86.get_pc_thunk.bx
                0x0000000020005289        0x4 matmult.o
                0x0000000020005289                __x86.get_pc_thunk.bx

.text.__x86.get_pc_thunk.bp
                0x000000002000528d        0x4
 .text.__x86.get_pc_thunk.bp
                0x000000002000528d        0x4 matmult.o
                0x000000002000528d                __x86.get_pc_thunk.bp

.iplt           0x0000000020005291        0x0
 .iplt          0x0000000020005291        0x0 matmult.o

.text.__x86.get_pc_thunk.ax
                0x0000000020005291        0x4
 .text.__x86.get_pc_thunk.ax
                0x0000000020005291        0x4 ../lib/lib.a(vsprintf.o)
                0x0000000020005291                __x86.get_pc_thunk.ax

.text.__x86.get_pc_thunk.cx
                0x0000000020005295        0x4
 .text.__x86.get_pc_thunk.cx
                0x0000000020005295        0x4 ../lib/lib.a(vsprintf.o)
                0x0000000020005295                __x86.get_pc_thunk.cx

.rodata.str1.4  0x000000002000529c       0x66
 .rodata.str1.4
                0x000000002000529c       0x66 matmult.o

.rodata.str1.1  0x0000000020005302       0x55
 .rodata.str1.1
                0x0000000020005302       0x55 matmult.o

.eh_frame       0x0000000020005358     0x131c
 .eh_frame      0x0000000020005358      0x178 matmult.o
 .eh_frame      0x00000000200054d0      0x3e0 ../lib/lib.a(vsprintf.o)
                                        0x40c (size before relaxing)
 .eh_frame      0x00000000200058b0      0x3ec ../lib/lib.a(mathfunc.o)
                                        0x42c (size before relaxing)
 .eh_frame      0x0000000020005c9c       0xf0 ../lib/lib.a(strtol.o)
                                        0x130 (size before relaxing)
 .eh_frame      0x0000000020005d8c      0x3a8 ../lib/lib.a(library.o)
                                        0x3e8 (size before relaxing)
 .eh_frame      0x0000000020006134      0x310 ../lib/lib.a(malloc.o)
                                        0x350 (size before relaxing)
 .eh_frame      0x0000000020006444      0x230 ../lib/lib.a(string.o)
                                        0x25c (size before relaxing)

.rel.dyn        0x0000000020006674        0x0
 .rel.got       0x0000000020006674        0x0 matmult.o
 .rel.iplt      0x0000000020006674        0x0 matmult.o
                0x0000000024000000                . = 0x24000000

.data           0x0000000024000000      0x1a6
 *(.data)
 .data          0x0000000024000000      0x100 matmult.o
                0x0000000024000000                thread_args
 .data          0x0000000024000100        0x0 ../lib/lib.a(vsprintf.o)
 .data          0x0000000024000100       0x98 ../lib/lib.a(mathfunc.o)
 .data          0x0000000024000198        0x0 ../lib/lib.a(strtol.o)
 .data          0x0000000024000198        0x0 ../lib/lib.a(library.o)
 .data          0x0000000024000198        0x0 ../lib/lib.a(malloc.o)
 .data          0x0000000024000198        0x0 ../lib/lib.a(string.o)
 .data          0x0000000024000198        0x8 ../lib/lib.a(pow.o)
 .data          0x00000000240001a0        0x6 ../lib/lib.a(klib.o)

.got            0x00000000240001a8        0x0
 .got           0x00000000240001a8        0x0 matmult.o

.got.plt        0x00000000240001a8        0xc
 .got.plt       0x00000000240001a8        0xc matmult.o
                0x00000000240001a8                _GLOBAL_OFFSET_TABLE_

.igot.plt       0x00000000240001b4        0x0
 .igot.plt      0x00000000240001b4        0x0 matmult.o

.data.rel.local
                0x00000000240001b4        0x8
 .data.rel.local
                0x00000000240001b4        0x8 ../lib/lib.a(vsprintf.o)

.bss            0x0000000024001000   0x3010a4
 *(.bss)
 .bss           0x0000000024001000   0x301004 matmult.o
                0x0000000024001000                barr
                0x0000000024002000                C
                0x0000000024102000                B
                0x0000000024202000                A
                0x0000000024302000                N
 .bss           0x0000000024302004        0x0 ../lib/lib.a(vsprintf.o)
 .bss           0x0000000024302004        0x0 ../lib/lib.a(mathfunc.o)
 .bss           0x0000000024302004        0x4 ../lib/lib.a(strtol.o)
                0x0000000024302004                errno
 .bss           0x0000000024302008        0x0 ../lib/lib.a(library.o)
 *fill*         0x0000000024302008       0x18 
 .bss           0x0000000024302020       0x84 ../lib/lib.a(malloc.o)
                0x0000000024302020                umem_info
                0x000000002430202c                enddataaddr
                0x0000000024302040                __malloc_mutex
                0x0000000024302080                __brk_mutex
 .bss           0x00000000243020a4        0x0 ../lib/lib.a(string.o)
 *(COMMON)
LOAD matmult.o
LOAD ../lib/lib.a
OUTPUT(matmult elf32-i386)

.comment        0x0000000000000000       0x1f
 .comment       0x0000000000000000       0x1f matmult.o
                                         0x20 (size before relaxing)
 .comment       0x000000000000001f       0x20 ../lib/lib.a(vsprintf.o)
 .comment       0x000000000000001f       0x20 ../lib/lib.a(mathfunc.o)
 .comment       0x000000000000001f       0x20 ../lib/lib.a(strtol.o)
 .comment       0x000000000000001f       0x20 ../lib/lib.a(library.o)
 .comment       0x000000000000001f       0x20 ../lib/lib.a(malloc.o)
 .comment       0x000000000000001f       0x20 ../lib/lib.a(string.o)

.note.GNU-stack
                0x0000000000000000        0x0
 .note.GNU-stack
                0x0000000000000000        0x0 matmult.o
 .note.GNU-stack
                0x0000000000000000        0x0 ../lib/lib.a(vsprintf.o)
 .note.GNU-stack
                0x0000000000000000        0x0 ../lib/lib.a(mathfunc.o)
 .note.GNU-stack
                0x0000000000000000        0x0 ../lib/lib.a(strtol.o)
 .note.GNU-stack
                0x0000000000000000        0x0 ../lib/lib.a(library.o)
 .note.GNU-stack
                0x0000000000000000        0x0 ../lib/lib.a(malloc.o)
 .note.GNU-stack
                0x0000000000000000        0x0 ../lib/lib.a(string.o)
