Archive member included to satisfy reference by file (symbol)

../lib/lib.a(datetime.o)      shell.o (secs_to_date)
../lib/lib.a(string.o)        shell.o (strcpy)
../lib/lib.a(syscallwrap.o)   shell.o (opendir)
../lib/lib.a(syscallib.o)     shell.o (open)
../lib/lib.a(vsprintf.o)      shell.o (sprintf)
../lib/lib.a(mathfunc.o)      ../lib/lib.a(vsprintf.o) (modf)
../lib/lib.a(klib.o)          ../lib/lib.a(syscallwrap.o) (bzero)
../lib/lib.a(library.o)       ../lib/lib.a(vsprintf.o) (memcpy)
../lib/lib.a(malloc.o)        ../lib/lib.a(syscallwrap.o) (malloc)
../lib/lib.a(pow.o)           ../lib/lib.a(mathfunc.o) (_abs)

Discarded input sections

 .group         0x0000000000000000        0x8 shell.o
 .group         0x0000000000000000        0x8 shell.o
 .group         0x0000000000000000        0x8 shell.o
 .group         0x0000000000000000        0x8 ../lib/lib.a(datetime.o)
 .text.__x86.get_pc_thunk.ax
                0x0000000000000000        0x4 ../lib/lib.a(datetime.o)
 .group         0x0000000000000000        0x8 ../lib/lib.a(string.o)
 .text.__x86.get_pc_thunk.ax
                0x0000000000000000        0x4 ../lib/lib.a(string.o)
 .group         0x0000000000000000        0x8 ../lib/lib.a(syscallwrap.o)
 .group         0x0000000000000000        0x8 ../lib/lib.a(syscallwrap.o)
 .text.__x86.get_pc_thunk.ax
                0x0000000000000000        0x4 ../lib/lib.a(syscallwrap.o)
 .text.__x86.get_pc_thunk.bx
                0x0000000000000000        0x4 ../lib/lib.a(syscallwrap.o)
 .group         0x0000000000000000        0x8 ../lib/lib.a(vsprintf.o)
 .group         0x0000000000000000        0x8 ../lib/lib.a(vsprintf.o)
 .group         0x0000000000000000        0x8 ../lib/lib.a(vsprintf.o)
 .text.__x86.get_pc_thunk.ax
                0x0000000000000000        0x4 ../lib/lib.a(vsprintf.o)
 .text.__x86.get_pc_thunk.bx
                0x0000000000000000        0x4 ../lib/lib.a(vsprintf.o)
 .group         0x0000000000000000        0x8 ../lib/lib.a(mathfunc.o)
 .group         0x0000000000000000        0x8 ../lib/lib.a(mathfunc.o)
 .text.__x86.get_pc_thunk.ax
                0x0000000000000000        0x4 ../lib/lib.a(mathfunc.o)
 .text.__x86.get_pc_thunk.bx
                0x0000000000000000        0x4 ../lib/lib.a(mathfunc.o)
 .group         0x0000000000000000        0x8 ../lib/lib.a(library.o)
 .group         0x0000000000000000        0x8 ../lib/lib.a(library.o)
 .text.__x86.get_pc_thunk.ax
                0x0000000000000000        0x4 ../lib/lib.a(library.o)
 .text.__x86.get_pc_thunk.bx
                0x0000000000000000        0x4 ../lib/lib.a(library.o)
 .group         0x0000000000000000        0x8 ../lib/lib.a(malloc.o)
 .group         0x0000000000000000        0x8 ../lib/lib.a(malloc.o)
 .text.__x86.get_pc_thunk.ax
                0x0000000000000000        0x4 ../lib/lib.a(malloc.o)
 .text.__x86.get_pc_thunk.bx
                0x0000000000000000        0x4 ../lib/lib.a(malloc.o)

Memory Configuration

Name             Origin             Length             Attributes
*default*        0x0000000000000000 0xffffffffffffffff

Linker script and memory map

                0x0000000020000000                . = 0x20000000

.text           0x0000000020000000     0x8364
                0x0000000020000000        0x4 LONG 0x47b853
                0x0000000020000004        0x4 LONG 0xe3890000
                0x0000000020000008        0x4 LONG 0x8c381
                0x000000002000000c        0x4 LONG 0x30cd0000
 *(.text)
 .text          0x0000000020000010     0x32b9 shell.o
                0x0000000020000010                my_exit
                0x0000000020000020                pwd
                0x0000000020000050                help
                0x00000000200005f0                mem
                0x0000000020000610                exec
                0x00000000200006e0                id
                0x0000000020000700                tim
                0x0000000020000760                listscr
                0x0000000020000780                tail
                0x00000000200009a0                ps
                0x0000000020000ae0                rdir
                0x0000000020000b50                killp
                0x0000000020000c20                prelease
                0x0000000020000d30                ls
                0x0000000020001170                gotoscreen
                0x00000000200011f0                pginfo
                0x0000000020001390                setpwd
                0x00000000200013c0                print_error
                0x0000000020001770                md
                0x0000000020001820                wc
                0x0000000020001e10                split
                0x0000000020001e50                rm
                0x0000000020001f80                head
                0x0000000020002160                touch
                0x00000000200021f0                cat
                0x00000000200022e0                catb
                0x00000000200023f0                chartonum
                0x0000000020002450                modifypwd
                0x00000000200025a0                cd
                0x0000000020002680                cp
                0x0000000020002790                chartime
                0x0000000020002800                tomode
                0x0000000020002860                power
                0x0000000020002890                parse_path
                0x0000000020002e00                mv
                0x0000000020003260                copy
 .text          0x00000000200032c9      0x3e3 ../lib/lib.a(datetime.o)
                0x00000000200032c9                secs_to_date
                0x000000002000351f                date_to_secs
                0x000000002000368c                asctime
                0x000000002000369c                localtime
 .text          0x00000000200036ac      0x713 ../lib/lib.a(string.o)
                0x00000000200036ac                strcpy
                0x0000000020003719                strcat
                0x000000002000379a                strcmp
                0x000000002000382b                strlen
                0x0000000020003860                strnlen
                0x00000000200038a1                strncpy
                0x000000002000391a                strncat
                0x00000000200039a6                strncmp
                0x0000000020003a46                toupper
                0x0000000020003a77                tolower
                0x0000000020003aa8                isspace
                0x0000000020003ad3                isalpha
                0x0000000020003b05                isnum
                0x0000000020003b29                isdigit
                0x0000000020003b4d                isxdigit
                0x0000000020003b8d                strstr
                0x0000000020003bdf                strchr
                0x0000000020003c20                strcasecmp
                0x0000000020003ce8                strncasecmp
 .text          0x0000000020003dbf      0x287 ../lib/lib.a(syscallwrap.o)
                0x0000000020003dbf                opendir
                0x0000000020003e3a                closedir
                0x0000000020003e83                sem_open
                0x0000000020003f31                sem_close
                0x0000000020003f72                sem_destroy
                0x0000000020003fb3                pthread_barrier_spl
                0x0000000020003ff0                uname
                0x0000000020004000                debug_mesg
 *fill*         0x0000000020004046        0xa 
 .text          0x0000000020004050      0x3dc ../lib/lib.a(syscallib.o)
                0x0000000020004050                open
                0x000000002000405b                close
                0x0000000020004066                read
                0x0000000020004071                write
                0x000000002000407c                lseek
                0x0000000020004087                mkdir
                0x0000000020004092                rmdir
                0x000000002000409d                chdir
                0x00000000200040a8                creat
                0x00000000200040b3                rename
                0x00000000200040be                opendir_internal
                0x00000000200040c9                closedir_internal
                0x00000000200040d4                readdir
                0x00000000200040df                stat
                0x00000000200040ea                unlink
                0x00000000200040f5                chmod
                0x0000000020004100                dup
                0x000000002000410b                dup2
                0x0000000020004116                setcursor
                0x0000000020004121                getchar
                0x000000002000412c                getchare
                0x0000000020004137                getscanchar
                0x0000000020004142                putchar
                0x000000002000414d                puts
                0x0000000020004179                readblocks
                0x0000000020004184                writeblocks
                0x000000002000418f                sync
                0x000000002000419a                txpkt
                0x00000000200041a5                rxpkt
                0x00000000200041b0                tsleep
                0x00000000200041bb                tsendto
                0x00000000200041c6                exectask
                0x00000000200041d1                trecvfrom
                0x00000000200041dc                exit
                0x00000000200041e7                pthread_create
                0x00000000200041f2                pthread_exit
                0x00000000200041fd                pthread_join
                0x0000000020004208                pthread_detach
                0x0000000020004213                pthread_yield
                0x000000002000421e                pthread_mutex_init
                0x0000000020004229                pthread_mutex_trylock
                0x0000000020004234                pthread_mutex_lock
                0x000000002000423f                pthread_mutex_unlock
                0x000000002000424a                pthread_cond_init
                0x0000000020004255                pthread_cond_wait
                0x0000000020004260                pthread_cond_signal
                0x000000002000426b                pthread_cond_broadcast
                0x0000000020004276                pthread_barrier_init
                0x0000000020004281                pthread_barrier_wait
                0x000000002000428c                socket
                0x0000000020004297                bind
                0x00000000200042a2                recv
                0x00000000200042ad                recvfrom
                0x00000000200042b8                send
                0x00000000200042c3                sendto
                0x00000000200042ce                connect
                0x00000000200042d9                accept
                0x00000000200042e4                listen
                0x00000000200042ef                kill
                0x00000000200042fa                getprocinfo
                0x0000000020004305                getpids
                0x0000000020004310                sem_init
                0x000000002000431b                sem_destroy_internal
                0x0000000020004326                sem_openv
                0x0000000020004331                sem_close_internal
                0x000000002000433c                sem_unlink
                0x0000000020004347                sem_wait
                0x0000000020004352                sem_trywait
                0x000000002000435d                sem_timedwait
                0x0000000020004368                sem_post
                0x0000000020004373                sem_getvalue
                0x000000002000437e                time
                0x0000000020004389                pthread_self
                0x0000000020004394                brk_internal
                0x000000002000439c                gettsc
                0x00000000200043a4                memstatus
                0x00000000200043ac                _wait
                0x00000000200043b4                pageinfo
                0x00000000200043bc                machid
                0x00000000200043c4                getcharf
                0x00000000200043cc                ungetcharf
                0x00000000200043d4                broadcast
                0x00000000200043dc                primalloc_internal
                0x00000000200043e4                prifree_internal
                0x00000000200043ec                lscr
                0x00000000200043f4                gotoscr
                0x00000000200043fc                marktsc
                0x0000000020004404                timed
                0x000000002000440c                pthread_mutex_destroy
                0x0000000020004414                make_intr
 .text          0x000000002000442c     0x19a9 ../lib/lib.a(vsprintf.o)
                0x00000000200053d0                vsprintf
                0x000000002000597e                sprintf
                0x00000000200059b7                printf
                0x0000000020005d49                fcvtbuf
                0x0000000020005d8f                ecvtbuf
 .text          0x0000000020005dd5      0xc5d ../lib/lib.a(mathfunc.o)
                0x0000000020005dd5                abs
                0x0000000020005e0d                modf
                0x0000000020005e5f                floor
                0x0000000020005f65                pow
                0x00000000200060b7                log
                0x00000000200060fd                ldexp
                0x0000000020006142                exp
                0x00000000200062ab                sqrt
                0x000000002000633c                atan2
                0x00000000200065c6                atan
                0x0000000020006622                asin
                0x00000000200066f9                acos
                0x0000000020006759                cos
                0x00000000200067a5                sin
                0x00000000200069b0                tan
                0x00000000200069fd                fabs
 *fill*         0x0000000020006a32        0xe 
 .text          0x0000000020006a40       0xdd ../lib/lib.a(klib.o)
                0x0000000020006a40                in_byte
                0x0000000020006a4b                in_word
                0x0000000020006a57                out_byte
                0x0000000020006a65                out_word
                0x0000000020006a74                bzero
                0x0000000020006a95                memset
                0x0000000020006ab8                memcmp
                0x0000000020006af4                bcopy
 .text          0x0000000020006b1d      0x9e3 ../lib/lib.a(library.o)
                0x0000000020006b1d                getc
                0x0000000020006b54                fgetc
                0x0000000020006b74                ungetc
                0x0000000020006ba6                gets
                0x0000000020006c16                fgets
                0x0000000020006c9a                fopen
                0x0000000020006db8                fclose
                0x0000000020006e05                memcpy
                0x0000000020006e3d                memmove
                0x0000000020006e65                readline
                0x00000000200072a2                htonl
                0x00000000200072b1                htons
                0x00000000200072ce                err_dump
                0x0000000020007306                inet_addr
                0x00000000200073b4                perror
                0x00000000200073e0                fork
                0x00000000200073f0                getenv
                0x00000000200074dd                abort
 .text          0x0000000020007500      0xace ../lib/lib.a(malloc.o)
                0x0000000020007500                ucheck_release_core
                0x00000000200075a8                uinsert_avail_node
                0x00000000200077c2                udelete_avail_node
                0x0000000020007852                ucreate_mem_list_node
                0x00000000200079d7                malloc
                0x0000000020007cc6                free
                0x0000000020007db3                brk
                0x0000000020007e02                primalloc
                0x0000000020007e51                prifree
                0x0000000020007ea4                calloc
                0x0000000020007ef7                realloc
 *fill*         0x0000000020007fce        0x2 
 .text          0x0000000020007fd0       0xc1 ../lib/lib.a(pow.o)
                0x0000000020007fd0                pow_internal
                0x0000000020008009                _abs
                0x0000000020008014                round
                0x000000002000801f                madd
                0x000000002000802c                ylog2x
                0x000000002000803b                ceil
                0x000000002000804f                p2xminus1
                0x000000002000805a                p2xstary
                0x0000000020008075                frexp
 *(.fixup)
 *(.kstrtab)
 *(.rodata)
 *fill*         0x0000000020008091        0x3 
 .rodata        0x0000000020008094       0x6c shell.o
 .rodata        0x0000000020008100        0xd ../lib/lib.a(syscallwrap.o)
 *fill*         0x000000002000810d        0x3 
 .rodata        0x0000000020008110      0x188 ../lib/lib.a(vsprintf.o)
 .rodata        0x0000000020008298       0x50 ../lib/lib.a(mathfunc.o)
 .rodata        0x00000000200082e8       0x26 ../lib/lib.a(library.o)
 *fill*         0x000000002000830e        0x2 
 .rodata        0x0000000020008310       0x54 ../lib/lib.a(malloc.o)

.text.startup   0x0000000020008370      0x71a
 .text.startup  0x0000000020008370      0x71a shell.o
                0x0000000020008370                main

.text.__x86.get_pc_thunk.ax
                0x0000000020008a8a        0x4
 .text.__x86.get_pc_thunk.ax
                0x0000000020008a8a        0x4 shell.o
                0x0000000020008a8a                __x86.get_pc_thunk.ax

.text.__x86.get_pc_thunk.bx
                0x0000000020008a8e        0x4
 .text.__x86.get_pc_thunk.bx
                0x0000000020008a8e        0x4 shell.o
                0x0000000020008a8e                __x86.get_pc_thunk.bx

.text.__x86.get_pc_thunk.bp
                0x0000000020008a92        0x4
 .text.__x86.get_pc_thunk.bp
                0x0000000020008a92        0x4 shell.o
                0x0000000020008a92                __x86.get_pc_thunk.bp

.iplt           0x0000000020008a96        0x0
 .iplt          0x0000000020008a96        0x0 shell.o

.text.__x86.get_pc_thunk.cx
                0x0000000020008a96        0x4
 .text.__x86.get_pc_thunk.cx
                0x0000000020008a96        0x4 ../lib/lib.a(vsprintf.o)
                0x0000000020008a96                __x86.get_pc_thunk.cx

.rodata.str1.1  0x0000000020008a9a      0x5a5
 .rodata.str1.1
                0x0000000020008a9a      0x5a5 shell.o
                                        0x5d3 (size before relaxing)

.rodata.str1.4  0x0000000020009040      0xb13
 .rodata.str1.4
                0x0000000020009040      0xb13 shell.o

.eh_frame       0x0000000020009b54     0x2a98
 .eh_frame      0x0000000020009b54     0x17f0 shell.o
 .eh_frame      0x000000002000b344       0x60 ../lib/lib.a(datetime.o)
                                         0x8c (size before relaxing)
 .eh_frame      0x000000002000b3a4      0x230 ../lib/lib.a(string.o)
                                        0x25c (size before relaxing)
 .eh_frame      0x000000002000b5d4      0x1a8 ../lib/lib.a(syscallwrap.o)
                                        0x1e8 (size before relaxing)
 .eh_frame      0x000000002000b77c      0x3cc ../lib/lib.a(vsprintf.o)
                                        0x40c (size before relaxing)
 .eh_frame      0x000000002000bb48      0x3ec ../lib/lib.a(mathfunc.o)
                                        0x42c (size before relaxing)
 .eh_frame      0x000000002000bf34      0x3a8 ../lib/lib.a(library.o)
                                        0x3e8 (size before relaxing)
 .eh_frame      0x000000002000c2dc      0x310 ../lib/lib.a(malloc.o)
                                        0x350 (size before relaxing)

.rel.dyn        0x000000002000c5ec        0x0
 .rel.got       0x000000002000c5ec        0x0 shell.o
 .rel.iplt      0x000000002000c5ec        0x0 shell.o
                0x0000000024000000                . = 0x24000000

.data           0x0000000024000000       0xb0
 *(.data)
 .data          0x0000000024000000        0x4 shell.o
                0x0000000024000000                no_cmds
 .data          0x0000000024000004        0x0 ../lib/lib.a(datetime.o)
 .data          0x0000000024000004        0x0 ../lib/lib.a(string.o)
 .data          0x0000000024000004        0x0 ../lib/lib.a(syscallwrap.o)
 .data          0x0000000024000004        0x0 ../lib/lib.a(vsprintf.o)
 *fill*         0x0000000024000004        0x4 
 .data          0x0000000024000008       0x98 ../lib/lib.a(mathfunc.o)
 .data          0x00000000240000a0        0x6 ../lib/lib.a(klib.o)
 .data          0x00000000240000a6        0x0 ../lib/lib.a(library.o)
 .data          0x00000000240000a6        0x0 ../lib/lib.a(malloc.o)
 *fill*         0x00000000240000a6        0x2 
 .data          0x00000000240000a8        0x8 ../lib/lib.a(pow.o)

.data.rel.local
                0x00000000240000c0      0x290
 .data.rel.local
                0x00000000240000c0      0x288 shell.o
                0x00000000240000c0                envp
                0x00000000240001a0                funcnames
                0x0000000024000280                funcptrs
 .data.rel.local
                0x0000000024000348        0x8 ../lib/lib.a(vsprintf.o)

.got            0x0000000024000350        0x0
 .got           0x0000000024000350        0x0 shell.o

.got.plt        0x0000000024000350        0xc
 .got.plt       0x0000000024000350        0xc shell.o
                0x0000000024000350                _GLOBAL_OFFSET_TABLE_

.igot.plt       0x000000002400035c        0x0
 .igot.plt      0x000000002400035c        0x0 shell.o

.bss            0x0000000024000360     0x6464
 *(.bss)
 .bss           0x0000000024000360     0x63e0 shell.o
                0x0000000024000360                current_drive
                0x0000000024000380                p
                0x0000000024006540                PWD
 .bss           0x0000000024006740        0x0 ../lib/lib.a(datetime.o)
 .bss           0x0000000024006740        0x0 ../lib/lib.a(string.o)
 .bss           0x0000000024006740        0x0 ../lib/lib.a(syscallwrap.o)
 .bss           0x0000000024006740        0x0 ../lib/lib.a(vsprintf.o)
 .bss           0x0000000024006740        0x0 ../lib/lib.a(mathfunc.o)
 .bss           0x0000000024006740        0x0 ../lib/lib.a(library.o)
 .bss           0x0000000024006740       0x84 ../lib/lib.a(malloc.o)
                0x0000000024006740                umem_info
                0x000000002400674c                enddataaddr
                0x0000000024006760                __malloc_mutex
                0x00000000240067a0                __brk_mutex
 *(COMMON)
LOAD shell.o
LOAD ../lib/lib.a
OUTPUT(shell elf32-i386)

.comment        0x0000000000000000       0x1f
 .comment       0x0000000000000000       0x1f shell.o
                                         0x20 (size before relaxing)
 .comment       0x000000000000001f       0x20 ../lib/lib.a(datetime.o)
 .comment       0x000000000000001f       0x20 ../lib/lib.a(string.o)
 .comment       0x000000000000001f       0x20 ../lib/lib.a(syscallwrap.o)
 .comment       0x000000000000001f       0x20 ../lib/lib.a(vsprintf.o)
 .comment       0x000000000000001f       0x20 ../lib/lib.a(mathfunc.o)
 .comment       0x000000000000001f       0x20 ../lib/lib.a(library.o)
 .comment       0x000000000000001f       0x20 ../lib/lib.a(malloc.o)

.note.GNU-stack
                0x0000000000000000        0x0
 .note.GNU-stack
                0x0000000000000000        0x0 shell.o
 .note.GNU-stack
                0x0000000000000000        0x0 ../lib/lib.a(datetime.o)
 .note.GNU-stack
                0x0000000000000000        0x0 ../lib/lib.a(string.o)
 .note.GNU-stack
                0x0000000000000000        0x0 ../lib/lib.a(syscallwrap.o)
 .note.GNU-stack
                0x0000000000000000        0x0 ../lib/lib.a(vsprintf.o)
 .note.GNU-stack
                0x0000000000000000        0x0 ../lib/lib.a(mathfunc.o)
 .note.GNU-stack
                0x0000000000000000        0x0 ../lib/lib.a(library.o)
 .note.GNU-stack
                0x0000000000000000        0x0 ../lib/lib.a(malloc.o)
