Archive member included to satisfy reference by file (symbol)

../lib/lib.a(syscallib.o)     tsp.o (exit)
../lib/lib.a(vsprintf.o)      tsp.o (printf)
../lib/lib.a(mathfunc.o)      ../lib/lib.a(vsprintf.o) (modf)
../lib/lib.a(strtol.o)        tsp.o (atoi)
../lib/lib.a(library.o)       ../lib/lib.a(vsprintf.o) (memcpy)
../lib/lib.a(malloc.o)        ../lib/lib.a(library.o) (malloc)
../lib/lib.a(string.o)        ../lib/lib.a(vsprintf.o) (strlen)
../lib/lib.a(pow.o)           ../lib/lib.a(mathfunc.o) (_abs)
../lib/lib.a(klib.o)          ../lib/lib.a(malloc.o) (bzero)

Discarded input sections

 .group         0x0000000000000000        0x8 tsp.o
 .group         0x0000000000000000        0x8 tsp.o
 .group         0x0000000000000000        0x8 tsp.o
 .group         0x0000000000000000        0x8 tsp.o
 .group         0x0000000000000000        0x8 ../lib/lib.a(vsprintf.o)
 .group         0x0000000000000000        0x8 ../lib/lib.a(vsprintf.o)
 .group         0x0000000000000000        0x8 ../lib/lib.a(vsprintf.o)
 .text.__x86.get_pc_thunk.cx
                0x0000000000000000        0x4 ../lib/lib.a(vsprintf.o)
 .text.__x86.get_pc_thunk.bx
                0x0000000000000000        0x4 ../lib/lib.a(vsprintf.o)
 .group         0x0000000000000000        0x8 ../lib/lib.a(mathfunc.o)
 .group         0x0000000000000000        0x8 ../lib/lib.a(mathfunc.o)
 .text.__x86.get_pc_thunk.ax
                0x0000000000000000        0x4 ../lib/lib.a(mathfunc.o)
 .text.__x86.get_pc_thunk.bx
                0x0000000000000000        0x4 ../lib/lib.a(mathfunc.o)
 .group         0x0000000000000000        0x8 ../lib/lib.a(strtol.o)
 .group         0x0000000000000000        0x8 ../lib/lib.a(strtol.o)
 .text.__x86.get_pc_thunk.ax
                0x0000000000000000        0x4 ../lib/lib.a(strtol.o)
 .text.__x86.get_pc_thunk.bx
                0x0000000000000000        0x4 ../lib/lib.a(strtol.o)
 .group         0x0000000000000000        0x8 ../lib/lib.a(library.o)
 .group         0x0000000000000000        0x8 ../lib/lib.a(library.o)
 .text.__x86.get_pc_thunk.ax
                0x0000000000000000        0x4 ../lib/lib.a(library.o)
 .text.__x86.get_pc_thunk.bx
                0x0000000000000000        0x4 ../lib/lib.a(library.o)
 .group         0x0000000000000000        0x8 ../lib/lib.a(malloc.o)
 .group         0x0000000000000000        0x8 ../lib/lib.a(malloc.o)
 .text.__x86.get_pc_thunk.ax
                0x0000000000000000        0x4 ../lib/lib.a(malloc.o)
 .text.__x86.get_pc_thunk.bx
                0x0000000000000000        0x4 ../lib/lib.a(malloc.o)
 .group         0x0000000000000000        0x8 ../lib/lib.a(string.o)
 .text.__x86.get_pc_thunk.ax
                0x0000000000000000        0x4 ../lib/lib.a(string.o)

Memory Configuration

Name             Origin             Length             Attributes
*default*        0x0000000000000000 0xffffffffffffffff

Linker script and memory map

                0x0000000020000000                . = 0x20000000

.text           0x0000000020000000     0x56d4
                0x0000000020000000        0x4 LONG 0x47b853
                0x0000000020000004        0x4 LONG 0xe3890000
                0x0000000020000008        0x4 LONG 0x8c381
                0x000000002000000c        0x4 LONG 0x30cd0000
 *(.text)
 .text          0x0000000020000010      0x8db tsp.o
                0x0000000020000010                insert_node
                0x00000000200000d0                find_path_from
                0x00000000200003b0                find_path_parallel
                0x0000000020000820                estimate_bound
 *fill*         0x00000000200008eb        0x5 
 .text          0x00000000200008f0      0x3dc ../lib/lib.a(syscallib.o)
                0x00000000200008f0                open
                0x00000000200008fb                close
                0x0000000020000906                read
                0x0000000020000911                write
                0x000000002000091c                lseek
                0x0000000020000927                mkdir
                0x0000000020000932                rmdir
                0x000000002000093d                chdir
                0x0000000020000948                creat
                0x0000000020000953                rename
                0x000000002000095e                opendir_internal
                0x0000000020000969                closedir_internal
                0x0000000020000974                readdir
                0x000000002000097f                stat
                0x000000002000098a                unlink
                0x0000000020000995                chmod
                0x00000000200009a0                dup
                0x00000000200009ab                dup2
                0x00000000200009b6                setcursor
                0x00000000200009c1                getchar
                0x00000000200009cc                getchare
                0x00000000200009d7                getscanchar
                0x00000000200009e2                putchar
                0x00000000200009ed                puts
                0x0000000020000a19                readblocks
                0x0000000020000a24                writeblocks
                0x0000000020000a2f                sync
                0x0000000020000a3a                txpkt
                0x0000000020000a45                rxpkt
                0x0000000020000a50                tsleep
                0x0000000020000a5b                tsendto
                0x0000000020000a66                exectask
                0x0000000020000a71                trecvfrom
                0x0000000020000a7c                exit
                0x0000000020000a87                pthread_create
                0x0000000020000a92                pthread_exit
                0x0000000020000a9d                pthread_join
                0x0000000020000aa8                pthread_detach
                0x0000000020000ab3                pthread_yield
                0x0000000020000abe                pthread_mutex_init
                0x0000000020000ac9                pthread_mutex_trylock
                0x0000000020000ad4                pthread_mutex_lock
                0x0000000020000adf                pthread_mutex_unlock
                0x0000000020000aea                pthread_cond_init
                0x0000000020000af5                pthread_cond_wait
                0x0000000020000b00                pthread_cond_signal
                0x0000000020000b0b                pthread_cond_broadcast
                0x0000000020000b16                pthread_barrier_init
                0x0000000020000b21                pthread_barrier_wait
                0x0000000020000b2c                socket
                0x0000000020000b37                bind
                0x0000000020000b42                recv
                0x0000000020000b4d                recvfrom
                0x0000000020000b58                send
                0x0000000020000b63                sendto
                0x0000000020000b6e                connect
                0x0000000020000b79                accept
                0x0000000020000b84                listen
                0x0000000020000b8f                kill
                0x0000000020000b9a                getprocinfo
                0x0000000020000ba5                getpids
                0x0000000020000bb0                sem_init
                0x0000000020000bbb                sem_destroy_internal
                0x0000000020000bc6                sem_openv
                0x0000000020000bd1                sem_close_internal
                0x0000000020000bdc                sem_unlink
                0x0000000020000be7                sem_wait
                0x0000000020000bf2                sem_trywait
                0x0000000020000bfd                sem_timedwait
                0x0000000020000c08                sem_post
                0x0000000020000c13                sem_getvalue
                0x0000000020000c1e                time
                0x0000000020000c29                pthread_self
                0x0000000020000c34                brk_internal
                0x0000000020000c3c                gettsc
                0x0000000020000c44                memstatus
                0x0000000020000c4c                _wait
                0x0000000020000c54                pageinfo
                0x0000000020000c5c                machid
                0x0000000020000c64                getcharf
                0x0000000020000c6c                ungetcharf
                0x0000000020000c74                broadcast
                0x0000000020000c7c                primalloc_internal
                0x0000000020000c84                prifree_internal
                0x0000000020000c8c                lscr
                0x0000000020000c94                gotoscr
                0x0000000020000c9c                marktsc
                0x0000000020000ca4                timed
                0x0000000020000cac                pthread_mutex_destroy
                0x0000000020000cb4                make_intr
 .text          0x0000000020000ccc     0x19a9 ../lib/lib.a(vsprintf.o)
                0x0000000020001c70                vsprintf
                0x000000002000221e                sprintf
                0x0000000020002257                printf
                0x00000000200025e9                fcvtbuf
                0x000000002000262f                ecvtbuf
 .text          0x0000000020002675      0xc5d ../lib/lib.a(mathfunc.o)
                0x0000000020002675                abs
                0x00000000200026ad                modf
                0x00000000200026ff                floor
                0x0000000020002805                pow
                0x0000000020002957                log
                0x000000002000299d                ldexp
                0x00000000200029e2                exp
                0x0000000020002b4b                sqrt
                0x0000000020002bdc                atan2
                0x0000000020002e66                atan
                0x0000000020002ec2                asin
                0x0000000020002f99                acos
                0x0000000020002ff9                cos
                0x0000000020003045                sin
                0x0000000020003250                tan
                0x000000002000329d                fabs
 .text          0x00000000200032d2      0x437 ../lib/lib.a(strtol.o)
                0x00000000200035c5                strtol
                0x00000000200035ec                strtoul
                0x0000000020003613                atol
                0x00000000200036e9                atoi
 .text          0x0000000020003709      0x9e3 ../lib/lib.a(library.o)
                0x0000000020003709                getc
                0x0000000020003740                fgetc
                0x0000000020003760                ungetc
                0x0000000020003792                gets
                0x0000000020003802                fgets
                0x0000000020003886                fopen
                0x00000000200039a4                fclose
                0x00000000200039f1                memcpy
                0x0000000020003a29                memmove
                0x0000000020003a51                readline
                0x0000000020003e8e                htonl
                0x0000000020003e9d                htons
                0x0000000020003eba                err_dump
                0x0000000020003ef2                inet_addr
                0x0000000020003fa0                perror
                0x0000000020003fcc                fork
                0x0000000020003fdc                getenv
                0x00000000200040c9                abort
 .text          0x00000000200040ec      0xace ../lib/lib.a(malloc.o)
                0x00000000200040ec                ucheck_release_core
                0x0000000020004194                uinsert_avail_node
                0x00000000200043ae                udelete_avail_node
                0x000000002000443e                ucreate_mem_list_node
                0x00000000200045c3                malloc
                0x00000000200048b2                free
                0x000000002000499f                brk
                0x00000000200049ee                primalloc
                0x0000000020004a3d                prifree
                0x0000000020004a90                calloc
                0x0000000020004ae3                realloc
 .text          0x0000000020004bba      0x713 ../lib/lib.a(string.o)
                0x0000000020004bba                strcpy
                0x0000000020004c27                strcat
                0x0000000020004ca8                strcmp
                0x0000000020004d39                strlen
                0x0000000020004d6e                strnlen
                0x0000000020004daf                strncpy
                0x0000000020004e28                strncat
                0x0000000020004eb4                strncmp
                0x0000000020004f54                toupper
                0x0000000020004f85                tolower
                0x0000000020004fb6                isspace
                0x0000000020004fe1                isalpha
                0x0000000020005013                isnum
                0x0000000020005037                isdigit
                0x000000002000505b                isxdigit
                0x000000002000509b                strstr
                0x00000000200050ed                strchr
                0x000000002000512e                strcasecmp
                0x00000000200051f6                strncasecmp
 *fill*         0x00000000200052cd        0x3 
 .text          0x00000000200052d0       0xc1 ../lib/lib.a(pow.o)
                0x00000000200052d0                pow_internal
                0x0000000020005309                _abs
                0x0000000020005314                round
                0x000000002000531f                madd
                0x000000002000532c                ylog2x
                0x000000002000533b                ceil
                0x000000002000534f                p2xminus1
                0x000000002000535a                p2xstary
                0x0000000020005375                frexp
 *fill*         0x0000000020005391        0xf 
 .text          0x00000000200053a0       0xdd ../lib/lib.a(klib.o)
                0x00000000200053a0                in_byte
                0x00000000200053ab                in_word
                0x00000000200053b7                out_byte
                0x00000000200053c5                out_word
                0x00000000200053d4                bzero
                0x00000000200053f5                memset
                0x0000000020005418                memcmp
                0x0000000020005454                bcopy
 *(.fixup)
 *(.kstrtab)
 *(.rodata)
 *fill*         0x000000002000547d        0x3 
 .rodata        0x0000000020005480      0x188 ../lib/lib.a(vsprintf.o)
 .rodata        0x0000000020005608       0x50 ../lib/lib.a(mathfunc.o)
 .rodata        0x0000000020005658       0x26 ../lib/lib.a(library.o)
 *fill*         0x000000002000567e        0x2 
 .rodata        0x0000000020005680       0x54 ../lib/lib.a(malloc.o)

.text.startup   0x00000000200056e0      0x3d3
 .text.startup  0x00000000200056e0      0x3d3 tsp.o
                0x00000000200056e0                main

.text.__x86.get_pc_thunk.dx
                0x0000000020005ab3        0x4
 .text.__x86.get_pc_thunk.dx
                0x0000000020005ab3        0x4 tsp.o
                0x0000000020005ab3                __x86.get_pc_thunk.dx

.text.__x86.get_pc_thunk.cx
                0x0000000020005ab7        0x4
 .text.__x86.get_pc_thunk.cx
                0x0000000020005ab7        0x4 tsp.o
                0x0000000020005ab7                __x86.get_pc_thunk.cx

.text.__x86.get_pc_thunk.bx
                0x0000000020005abb        0x4
 .text.__x86.get_pc_thunk.bx
                0x0000000020005abb        0x4 tsp.o
                0x0000000020005abb                __x86.get_pc_thunk.bx

.text.__x86.get_pc_thunk.di
                0x0000000020005abf        0x4
 .text.__x86.get_pc_thunk.di
                0x0000000020005abf        0x4 tsp.o
                0x0000000020005abf                __x86.get_pc_thunk.di

.iplt           0x0000000020005ac3        0x0
 .iplt          0x0000000020005ac3        0x0 tsp.o

.text.__x86.get_pc_thunk.ax
                0x0000000020005ac3        0x4
 .text.__x86.get_pc_thunk.ax
                0x0000000020005ac3        0x4 ../lib/lib.a(vsprintf.o)
                0x0000000020005ac3                __x86.get_pc_thunk.ax

.rodata.str1.1  0x0000000020005ac7       0x33
 .rodata.str1.1
                0x0000000020005ac7       0x33 tsp.o

.rodata.str1.4  0x0000000020005afc       0x60
 .rodata.str1.4
                0x0000000020005afc       0x60 tsp.o

.eh_frame       0x0000000020005b5c     0x1400
 .eh_frame      0x0000000020005b5c      0x270 tsp.o
 .eh_frame      0x0000000020005dcc      0x3cc ../lib/lib.a(vsprintf.o)
                                        0x40c (size before relaxing)
 .eh_frame      0x0000000020006198      0x3ec ../lib/lib.a(mathfunc.o)
                                        0x42c (size before relaxing)
 .eh_frame      0x0000000020006584       0xf0 ../lib/lib.a(strtol.o)
                                        0x130 (size before relaxing)
 .eh_frame      0x0000000020006674      0x3a8 ../lib/lib.a(library.o)
                                        0x3e8 (size before relaxing)
 .eh_frame      0x0000000020006a1c      0x310 ../lib/lib.a(malloc.o)
                                        0x350 (size before relaxing)
 .eh_frame      0x0000000020006d2c      0x230 ../lib/lib.a(string.o)
                                        0x25c (size before relaxing)

.rel.dyn        0x0000000020006f5c        0x0
 .rel.got       0x0000000020006f5c        0x0 tsp.o
 .rel.iplt      0x0000000020006f5c        0x0 tsp.o
                0x0000000024000000                . = 0x24000000

.data           0x0000000024000000      0xfe6
 *(.data)
 .data          0x0000000024000000      0xf40 tsp.o
                0x0000000024000000                solution_task
                0x0000000024000004                globalbound
                0x0000000024000020                all_distances_inorder
                0x0000000024000e40                args
 .data          0x0000000024000f40        0x0 ../lib/lib.a(vsprintf.o)
 .data          0x0000000024000f40       0x98 ../lib/lib.a(mathfunc.o)
 .data          0x0000000024000fd8        0x0 ../lib/lib.a(strtol.o)
 .data          0x0000000024000fd8        0x0 ../lib/lib.a(library.o)
 .data          0x0000000024000fd8        0x0 ../lib/lib.a(malloc.o)
 .data          0x0000000024000fd8        0x0 ../lib/lib.a(string.o)
 .data          0x0000000024000fd8        0x8 ../lib/lib.a(pow.o)
 .data          0x0000000024000fe0        0x6 ../lib/lib.a(klib.o)

.got            0x0000000024000fe8        0x0
 .got           0x0000000024000fe8        0x0 tsp.o

.got.plt        0x0000000024000fe8        0xc
 .got.plt       0x0000000024000fe8        0xc tsp.o
                0x0000000024000fe8                _GLOBAL_OFFSET_TABLE_

.igot.plt       0x0000000024000ff4        0x0
 .igot.plt      0x0000000024000ff4        0x0 tsp.o

.data.rel.local
                0x0000000024000ff4        0x8
 .data.rel.local
                0x0000000024000ff4        0x8 ../lib/lib.a(vsprintf.o)

.bss            0x0000000024001000    0x3ac24
 *(.bss)
 .bss           0x0000000024001000    0x3ab84 tsp.o
                0x0000000024001000                ntasks
                0x0000000024001004                barr
                0x0000000024001020                gbound_mut
                0x0000000024001060                sorted_list_lengths
                0x0000000024001200                sorted_nodes
                0x0000000024014a80                dist_matrix
                0x000000002403bb80                ncities
 .bss           0x000000002403bb84        0x0 ../lib/lib.a(vsprintf.o)
 .bss           0x000000002403bb84        0x0 ../lib/lib.a(mathfunc.o)
 .bss           0x000000002403bb84        0x4 ../lib/lib.a(strtol.o)
                0x000000002403bb84                errno
 .bss           0x000000002403bb88        0x0 ../lib/lib.a(library.o)
 *fill*         0x000000002403bb88       0x18 
 .bss           0x000000002403bba0       0x84 ../lib/lib.a(malloc.o)
                0x000000002403bba0                umem_info
                0x000000002403bbac                enddataaddr
                0x000000002403bbc0                __malloc_mutex
                0x000000002403bc00                __brk_mutex
 .bss           0x000000002403bc24        0x0 ../lib/lib.a(string.o)
 *(COMMON)
LOAD tsp.o
LOAD ../lib/lib.a
OUTPUT(tsp elf32-i386)

.comment        0x0000000000000000       0x1f
 .comment       0x0000000000000000       0x1f tsp.o
                                         0x20 (size before relaxing)
 .comment       0x000000000000001f       0x20 ../lib/lib.a(vsprintf.o)
 .comment       0x000000000000001f       0x20 ../lib/lib.a(mathfunc.o)
 .comment       0x000000000000001f       0x20 ../lib/lib.a(strtol.o)
 .comment       0x000000000000001f       0x20 ../lib/lib.a(library.o)
 .comment       0x000000000000001f       0x20 ../lib/lib.a(malloc.o)
 .comment       0x000000000000001f       0x20 ../lib/lib.a(string.o)

.note.GNU-stack
                0x0000000000000000        0x0
 .note.GNU-stack
                0x0000000000000000        0x0 tsp.o
 .note.GNU-stack
                0x0000000000000000        0x0 ../lib/lib.a(vsprintf.o)
 .note.GNU-stack
                0x0000000000000000        0x0 ../lib/lib.a(mathfunc.o)
 .note.GNU-stack
                0x0000000000000000        0x0 ../lib/lib.a(strtol.o)
 .note.GNU-stack
                0x0000000000000000        0x0 ../lib/lib.a(library.o)
 .note.GNU-stack
                0x0000000000000000        0x0 ../lib/lib.a(malloc.o)
 .note.GNU-stack
                0x0000000000000000        0x0 ../lib/lib.a(string.o)
