
Memory Configuration

Name             Origin             Length             Attributes
*default*        0x0000000000000000 0xffffffffffffffff

Linker script and memory map

LOAD initboot.o
                0x0000000000010800                . = 0x10800

.text           0x0000000000010800    0x22f37
 *(.text)
 .text          0x0000000000010800       0xca initboot.o
                0x0000000000010800                _main
 *fill*         0x00000000000108ca        0x6 
 .text          0x00000000000108d0      0xb89 intr_entry.o
                0x00000000000108d0                ignore_int
                0x0000000000010900                divide_error
                0x0000000000010930                coprocessor_error
                0x0000000000010960                simd_coprocessor_error
                0x0000000000010990                device_not_available
                0x00000000000109a0                debug
                0x00000000000109d0                nmi
                0x0000000000010a00                inter3
                0x0000000000010a30                overflow
                0x0000000000010a60                bounds
                0x0000000000010a90                invalid_op
                0x0000000000010ac0                coprocessor_segment_overrun
                0x0000000000010af0                double_fault
                0x0000000000010b20                invalid_TSS
                0x0000000000010b50                segment_not_present
                0x0000000000010b80                stack_segment
                0x0000000000010bb0                general_protection
                0x0000000000010be0                alignment_check
                0x0000000000010c10                page_fault
                0x0000000000010c40                machine_check
                0x0000000000010c60                spurious_interrupt_bug
                0x0000000000010c80                sys_call_entry
                0x0000000000010cb6                sys_call_exit
                0x0000000000010ce0                irq_entry_0_0
                0x0000000000010d10                irq_entry_0_1
                0x0000000000010d30                irq_entry_0_2
                0x0000000000010d50                irq_entry_0_3
                0x0000000000010d70                irq_entry_0_4
                0x0000000000010d90                irq_entry_0_5
                0x0000000000010db0                irq_entry_0_6
                0x0000000000010dd0                irq_entry_0_7
                0x0000000000010df0                irq_entry_1_0
                0x0000000000010e10                irq_entry_1_1
                0x0000000000010e30                irq_entry_1_2
                0x0000000000010e50                irq_entry_1_3
                0x0000000000010e70                irq_entry_1_4
                0x0000000000010e90                irq_entry_1_5
                0x0000000000010eb0                irq_entry_1_6
                0x0000000000010ed0                irq_entry_1_7
                0x0000000000010f14                initialize_idt
 *fill*         0x0000000000011459        0x7 
 .text          0x0000000000011460     0x121e timer.o
                0x0000000000011460                syscall_ptime
                0x00000000000114d0                syscall_time
                0x00000000000114f0                initialize_clock
                0x0000000000011520                timerobj_init
                0x0000000000011570                insert_timerobj
                0x00000000000115f0                remove_timerobj
                0x0000000000011630                starttimer
                0x0000000000011760                stoptimer
                0x0000000000011810                syscall_twakeup
                0x00000000000118b0                syscall_gettsc
                0x0000000000011910                secs_to_date
                0x0000000000011b00                date_to_secs
                0x0000000000011c10                rr_cl_tick
                0x0000000000011c70                rr_cl_sleep
                0x0000000000011ca0                rr_cl_wakeup
                0x0000000000011ce0                rr_cl_fork
                0x0000000000011cf0                rr_cl_forkret
                0x0000000000011d00                rr_cl_enterclass
                0x0000000000011d10                rr_cl_exitclass
                0x0000000000011d20                scheduler
                0x0000000000012050                syscall_tsleep
                0x0000000000012150                timer_handler
                0x0000000000012270                check_urgent_flags
                0x0000000000012300                restore_proc
                0x0000000000012320                debug_mesg
                0x0000000000012340                timerthread
                0x0000000000012600                context_switch
 *fill*         0x000000000001267e        0x2 
 .text          0x0000000000012680      0xdd1 kbd.o
                0x0000000000012a10                kbd_intr_handler
                0x0000000000012e80                insertkb_char
                0x0000000000012f40                syscall_lscr
                0x0000000000012fa0                syscall_gotoscr
                0x0000000000013010                syscall_getchar
                0x0000000000013130                syscall_getchare
                0x0000000000013210                syscall_getscanchar
                0x00000000000132f0                kbd_read
                0x0000000000013420                initialize_keyboard
 *fill*         0x0000000000013451        0xf 
 .text          0x0000000000013460      0x5f3 string.o
                0x0000000000013460                strcpy
                0x00000000000134b0                strcat
                0x0000000000013600                strcmp
                0x0000000000013650                strlen
                0x0000000000013680                strnlen
                0x00000000000136a0                strncpy
                0x0000000000013700                strncat
                0x0000000000013850                strncmp
                0x00000000000138f0                toupper
                0x0000000000013910                tolower
                0x0000000000013930                isspace
                0x0000000000013950                isalpha
                0x0000000000013970                isnum
                0x0000000000013990                isdigit
                0x00000000000139b0                isxdigit
                0x00000000000139e0                strstr
                0x0000000000013a30                strchr
 *fill*         0x0000000000013a53        0xd 
 .text          0x0000000000013a60     0x1d58 vdisplay.o
                0x0000000000013b10                initialize_display
                0x0000000000013c20                syscall_putchar
                0x0000000000013e30                syscall_setcursor
                0x0000000000013ef0                output_proc
                0x0000000000014140                syscall_puts
                0x0000000000014160                scroll_up
                0x0000000000014270                scroll_down
                0x0000000000014410                change_screen
                0x0000000000014500                get_video_param
                0x0000000000014520                set_video_param
                0x0000000000014530                skip_atoi
                0x0000000000014570                number
                0x0000000000014b90                vsprintf
                0x0000000000015590                sprintf
                0x00000000000155b0                printk
                0x0000000000015600                print_p
                0x0000000000015650                print_context
 *fill*         0x00000000000157b8        0x8 
 .text          0x00000000000157c0      0x2d9 klib.o
                0x00000000000157c0                in_byte
                0x00000000000157cb                in_word
                0x00000000000157d7                out_byte
                0x00000000000157e5                out_word
                0x00000000000157f4                get_irqstatus
                0x00000000000157fe                enable_irq
                0x0000000000015821                disable_irq
                0x000000000001585b                test_and_set
                0x0000000000015879                get_eflags
                0x000000000001587c                cli_intr
                0x000000000001587e                sti_intr
                0x0000000000015880                restore_eflags
                0x0000000000015888                bzero
                0x00000000000158a9                memset
                0x00000000000158cc                memcmp
                0x0000000000015908                bcopy
                0x0000000000015931                set_timer_frequency
                0x000000000001594a                initialize_8259s
                0x000000000001596d                enable_timer
                0x0000000000015977                do_context_switch
                0x00000000000159a3                initialize_paging
                0x00000000000159bc                clear_paging
                0x00000000000159cf                restore_paging
                0x00000000000159e2                get_cr2
                0x00000000000159e6                get_cr0
                0x00000000000159ea                get_cr3
                0x00000000000159ee                get_tr
                0x00000000000159f2                mark_tsc
                0x0000000000015a0d                math_state_restore
                0x0000000000015a1b                math_state_save
                0x0000000000015a29                pte_mark_busy
                0x0000000000015a46                pte_unmark_busy
                0x0000000000015a63                test_and_set_bitn
                0x0000000000015a85                clear_bitn
 *fill*         0x0000000000015a99        0x7 
 .text          0x0000000000015aa0     0x55db fs.o
                0x0000000000015b70                alloc_ftab_slot
                0x0000000000015bd0                alloc_process_file_handle
                0x0000000000015c40                get_vnode
                0x0000000000015c60                release_vnode
                0x0000000000015ce0                delete_vnode
                0x0000000000015cf0                increment_ref_count
                0x0000000000015db0                decrement_ref_count
                0x0000000000015ea0                lookup_path
                0x00000000000160e0                parse_path
                0x0000000000016200                get_rootdir
                0x0000000000016240                get_curdir
                0x0000000000016280                get_pdir
                0x00000000000162b0                valid_handle
                0x0000000000016320                syscall_open
                0x0000000000016b00                syscall_close
                0x0000000000016bc0                syscall_read
                0x0000000000016d50                syscall_write
                0x0000000000016ef0                syscall_creat
                0x00000000000174f0                syscall_lseek
                0x0000000000017660                syscall_dup
                0x00000000000177c0                syscall_dup2
                0x0000000000017920                syscall_opendir
                0x0000000000017ed0                syscall_closedir
                0x0000000000017fb0                syscall_readdir
                0x00000000000180e0                syscall_seekdir
                0x0000000000018130                syscall_telldir
                0x0000000000018190                syscall_rewinddir
                0x00000000000181d0                syscall_mkdir
                0x00000000000184f0                syscall_rmdir
                0x0000000000018840                syscall_chdir
                0x0000000000018a00                syscall_fchdir
                0x0000000000018bd0                syscall_unlink
                0x0000000000018f30                syscall_rename
                0x0000000000019650                syscall_stat
                0x0000000000019970                syscall_chmod
                0x0000000000019a60                syscall_getcharf
                0x0000000000019c40                syscall_ungetcharf
                0x0000000000019da0                mountroot
                0x0000000000019fa0                vnode_add_hashlist
                0x000000000001a050                vnode_del_hashlist
                0x000000000001a110                alloc_vnode
                0x000000000001a310                initialize_buffer_cache
                0x000000000001a440                getblk
                0x000000000001a6e0                write_block
                0x000000000001a7c0                syscall_writeblocks
                0x000000000001a8f0                syscall_readblocks
                0x000000000001aaa0                read_block
                0x000000000001acb0                brelease
                0x000000000001ad70                bread
                0x000000000001ae00                flush_buffers
 *fill*         0x000000000001b07b        0x5 
 .text          0x000000000001b080     0x29a3 fat12.o
                0x000000000001bf10                fat12_vop_destroy
                0x000000000001c070                read_fat12
                0x000000000001c090                fat12_vop_open
                0x000000000001c0a0                fat12_vop_close
                0x000000000001c0b0                fat12_vop_read
                0x000000000001c240                fat12_vop_write
                0x000000000001c7b0                fat12_vop_getattr
                0x000000000001c890                fat12_vop_setattr
                0x000000000001c8c0                fat12_vop_create
                0x000000000001ca00                fat12_vop_trunc
                0x000000000001cb70                fat12_vop_remove
                0x000000000001cc60                fat12_vop_rename
                0x000000000001ccc0                fat12_vop_mkdir
                0x000000000001cd00                fat12_vop_rmdir
                0x000000000001cfd0                fat12_vop_opendir
                0x000000000001cfe0                fat12_vop_closedir
                0x000000000001cff0                fat12_vop_readdir
                0x000000000001d660                fat12_vop_lookup
                0x000000000001d7d0                fat12_vop_telldir
                0x000000000001d7e0                fat12_vop_link
                0x000000000001d7f0                fat12_vop_symlink
                0x000000000001d800                fat12_vop_readlink
                0x000000000001d810                fat12_vop_ioctl
                0x000000000001d820                fat12_vop_access
                0x000000000001d830                fat12_vop_inactive
                0x000000000001d840                fat12_vop_rwlock
                0x000000000001d850                fat12_vop_rwunlock
                0x000000000001d860                fat12_vop_realvp
                0x000000000001d870                fat12_vop_getpage
                0x000000000001d880                fat12_vop_putpage
                0x000000000001d890                fat12_vop_map
                0x000000000001d8a0                fat12_vop_poll
                0x000000000001d8b0                fat12_vfs_mount
                0x000000000001d8c0                fat12_vfs_unmount
                0x000000000001d8d0                fat12_vfs_root
                0x000000000001d8e0                fat12_vfs_sync
                0x000000000001d8f0                syscall_sync
                0x000000000001d900                write_fat12
                0x000000000001d930                fat12_vfs_statvfs
                0x000000000001da10                fat12_vop_seekdir
                0x000000000001da20                fat12_vop_seek
 *fill*         0x000000000001da23        0xd 
 .text          0x000000000001da30     0x12b1 lock.o
                0x000000000001da30                event_wait_remove_thread
                0x000000000001db20                lockobj_init
                0x000000000001db40                rlockobj_init
                0x000000000001db60                eventobj_init
                0x000000000001db80                lend_priority
                0x000000000001dc30                _lock
                0x000000000001de20                trylock
                0x000000000001ded0                sys_unlock
                0x000000000001dfb0                unlock
                0x000000000001e0f0                rlock
                0x000000000001e300                runlock
                0x000000000001e460                sys_event_wakeup
                0x000000000001e4e0                event_wakeup
                0x000000000001e5b0                event_sleep
                0x000000000001e780                event_timed_sleep
                0x000000000001eba0                releasesynch_object
                0x000000000001ecb0                print_lock
 .text          0x000000000001ece1      0x7f6 procintr.o
                0x000000000001ece1                do_divide_error
                0x000000000001ed19                do_coprocessor_error
                0x000000000001ee57                do_device_not_available
                0x000000000001ee73                do_simd_coprocessor_error
                0x000000000001ee98                do_debug
                0x000000000001eebd                do_nmi
                0x000000000001ef49                do_inter3
                0x000000000001ef4b                do_overflow
                0x000000000001ef70                do_bounds
                0x000000000001ef95                do_invalid_TSS
                0x000000000001efca                do_invalid_op
                0x000000000001f002                do_coprocessor_segment_overrun
                0x000000000001f027                do_double_fault
                0x000000000001f052                do_segment_not_present
                0x000000000001f0a8                do_stack_segment
                0x000000000001f0ed                do_general_protection
                0x000000000001f125                do_alignment_check
                0x000000000001f14a                do_machine_check
                0x000000000001f162                do_spurious_interrupt_bug
                0x000000000001f17a                do_page_fault
                0x000000000001f45d                default_irq_handler
                0x000000000001f488                do_unhandled_interrupt
                0x000000000001f4a0                irq_handler
                0x000000000001f4bf                math_emulate
 *fill*         0x000000000001f4d7        0x9 
 .text          0x000000000001f4e0     0x1027 syscalls.o
                0x000000000001f4e0                syscall_test
                0x000000000001f500                systemcall
                0x00000000000204f0                syscall_notimplemented
 .text          0x0000000000020507      0x5d8 main.o
                0x0000000000020507                mount_thread
                0x0000000000020530                fat_updater
                0x0000000000020552                mksysthread
                0x00000000000205a5                create_shell_process
                0x00000000000205ee                init_system_service_thread
                0x00000000000207a7                cmain
                0x00000000000207c5                get_sys_data
 *fill*         0x0000000000020adf        0x1 
 .text          0x0000000000020ae0     0x3987 process.o
                0x0000000000020ae0                idlethread_routine
                0x0000000000020af0                initialize_systemprocess
                0x0000000000021480                terminate_initialize_system_thread
                0x0000000000021520                add_readyq
                0x0000000000021650                del_readyq
                0x0000000000021730                terminate_thread
                0x0000000000021aa0                thread_exit
                0x0000000000021ac0                thread_terminate_handler
                0x0000000000022160                terminate_process
                0x0000000000022240                initialize_tss_table
                0x0000000000022270                alloc_thread
                0x00000000000223a0                create_thread
                0x0000000000022770                create_process
                0x0000000000022d10                destroy_thread
                0x0000000000022d90                halt_system
                0x0000000000022e10                suspend
                0x0000000000022fa0                wakeup
                0x0000000000022ff0                initialize_ldt
                0x0000000000023050                create_thread_in_proc
                0x0000000000023160                sort_hdrs
                0x0000000000023290                exectask_internal
                0x0000000000023b20                syscall_exectask
                0x0000000000023b60                syscall_exit
                0x0000000000023c00                syscall_getpids
                0x0000000000023cc0                syscall_getprocinfo
                0x0000000000023f00                syscall_wait
                0x0000000000024050                syscall_kill
                0x00000000000240f0                initialize_irqtask
                0x0000000000024370                syscall_pageinfo
 *fill*         0x0000000000024467        0x9 
 .text          0x0000000000024470     0x29a9 fdc.o
                0x0000000000024bd0                motor_on
                0x0000000000024c20                motor_off
                0x0000000000024c70                fdc_intr_handler
                0x0000000000024d50                fdc_reset
                0x0000000000025960                setup_drive
                0x0000000000025980                fdc_setup
                0x0000000000025a70                reset_drive
                0x0000000000025a90                fdc_read
                0x0000000000025bd0                fdc_write
                0x0000000000025d90                fdc_format
                0x0000000000025ec0                initialize_floppy_request_bufs
                0x0000000000025f20                print_readyq
                0x0000000000025fd0                enqueue_floppy_request
                0x00000000000260d0                free_floppy_request
                0x0000000000026120                floppy_read
                0x00000000000262f0                floppy_write
                0x00000000000263c0                floppy_format
                0x00000000000264f0                floppy_setup
                0x0000000000026510                floppy_thread
 *fill*         0x0000000000026e19        0x7 
 .text          0x0000000000026e20     0x13d7 nic.o
                0x0000000000027350                nic_isr
                0x00000000000275a0                free_frame_buffer
                0x00000000000275f0                initialize_nic
                0x0000000000027bf0                syscall_machid
                0x0000000000027c30                nicthread
 *fill*         0x00000000000281f7        0x9 
 .text          0x0000000000028200     0x46fc vmmap.o
                0x0000000000028340                vm_getmemsegment
                0x0000000000028390                vm_attachmemsegment
                0x00000000000283c0                vm_getptentry
                0x00000000000283f0                vm_getpdentry
                0x0000000000028410                vm_setattr
                0x0000000000028530                vm_getattr
                0x0000000000028540                make_page_table
                0x00000000000285d0                phys2vmcopy
                0x00000000000286d0                vm2physcopy
                0x00000000000287d0                vm2vmcopy
                0x0000000000028970                lock_page
                0x00000000000289c0                unlock_page
                0x00000000000289d0                logical2physical
                0x0000000000028a10                core_alloc
                0x0000000000028ba0                initialize_kernel_pagetables
                0x0000000000028d70                core_free
                0x0000000000029120                core_alloc_n
                0x0000000000029500                vm_createvm
                0x0000000000029cd0                vm_releasesegment
                0x0000000000029f60                vm_destroy
                0x000000000002a170                vm_detachmemsegment
                0x000000000002a1f0                vm_getdirtylist
                0x000000000002a4d0                vm_getaccesslist
                0x000000000002a7b0                vm_delregion
                0x000000000002a940                vm_delregionend
                0x000000000002ab00                vm_shrinkregion
                0x000000000002ae10                vm_expanddownregion
                0x000000000002b290                vm_expandregion
                0x000000000002b710                initialize_core_info
                0x000000000002bba0                kmalloc
                0x000000000002bbc0                kfree
                0x000000000002bc70                vm_addregion
                0x000000000002bd80                syscall_brk
                0x000000000002be50                alloc_frame_memory
                0x000000000002bee0                initialize_gdt
                0x000000000002bf60                initialize_codeseg
                0x000000000002bfc0                initialize_dataseg
                0x000000000002c020                sdesc
                0x000000000002c070                syscall_prifree
                0x000000000002c340                syscall_primalloc
                0x000000000002c530                print_tss
                0x000000000002c550                disp_PTE
                0x000000000002c590                disp_page_table
                0x000000000002c5f0                disp_page_dir
                0x000000000002c6b0                print_core_info
                0x000000000002c6f0                print_ramsegments
                0x000000000002c740                print_list
                0x000000000002c770                print_gdt
                0x000000000002c7c0                print_minf_statistics
                0x000000000002c870                display_vm
 *fill*         0x000000000002c8fc        0x4 
 .text          0x000000000002c900     0x10d6 semaphore.o
                0x000000000002c900                removethread_fromsemwait
                0x000000000002ca00                semobj_init
                0x000000000002ca70                syscall_sem_init
                0x000000000002cbe0                syscall_sem_destroy
                0x000000000002cd80                syscall_sem_open
                0x000000000002cf70                syscall_sem_close
                0x000000000002d0a0                syscall_sem_unlink
                0x000000000002d1c0                syscall_sem_wait
                0x000000000002d390                syscall_sem_trywait
                0x000000000002d470                syscall_sem_timedwait
                0x000000000002d840                syscall_sem_post
                0x000000000002d9a0                syscall_sem_getvalue
 *fill*         0x000000000002d9d6        0xa 
 .text          0x000000000002d9e0     0x54ea socket.o
                0x000000000002d9e0                remove_pkt
                0x000000000002dcc0                get_processid
                0x000000000002dcd0                get_threadid
                0x000000000002dce0                checksum
                0x000000000002e050                initialize_recvpkts
                0x000000000002e070                alloc_pktindex
                0x000000000002e270                free_packet
                0x000000000002e2a0                locate_socket
                0x000000000002e320                pktindex
                0x000000000002e370                initialize_hash_table
                0x000000000002e390                locate_hash_node
                0x000000000002e3f0                add_hash_node
                0x000000000002e4a0                purge_seqno_hashtable
                0x000000000002e520                initialize_seqno
                0x000000000002e620                initialize_socktable
                0x000000000002e640                increment_sockref_count
                0x000000000002e6a0                isThreadBelongs
                0x000000000002e6b0                local_broadcast
                0x000000000002ea40                delete_socket
                0x000000000002ebe0                psock_send_pkt
                0x000000000002f2b0                pkttransmitter
                0x000000000002f440                send_seqnumber_mesg
                0x000000000002f670                send_ack
                0x000000000002f940                remove_frames_fromtxq
                0x000000000002faa0                process_ack
                0x000000000002fbc0                deliver_packet
                0x000000000002fe80                packet_type_data
                0x00000000000302e0                assemble
                0x0000000000030810                trecvfrom_internal
                0x0000000000030db0                syscall_trecvfrom
                0x0000000000030de0                create_defsock
                0x0000000000030f10                syscall_socket
                0x0000000000031110                syscall_bind
                0x0000000000031250                recv_fromsock_stream
                0x0000000000031510                recv_fromsock_dgram
                0x0000000000031770                syscall_recv
                0x0000000000031800                syscall_recvfrom
                0x00000000000318e0                sock_send
                0x0000000000031e40                internal_tsend
                0x00000000000322a0                syscall_broadcast
                0x0000000000032330                syscall_tsendto
                0x0000000000032410                sock_broadcast
                0x00000000000324a0                decrement_sockref_count
                0x0000000000032620                syscall_send
                0x0000000000032720                syscall_sendto
                0x0000000000032820                syscall_connect
                0x00000000000329e0                syscall_accept
                0x0000000000032c20                syscall_listen
                0x0000000000032c90                syscall_close_socket
                0x0000000000032d10                dump_frame
                0x0000000000032dd0                dump_packet
                0x0000000000032e10                display_sockets
 *fill*         0x0000000000032eca        0x6 
 .text          0x0000000000032ed0      0x867 pthread.o
                0x0000000000032ed0                syscall_pthread_create
                0x0000000000033000                syscall_pthread_self
                0x0000000000033020                pthread_equal
                0x0000000000033030                syscall_pthread_exit
                0x0000000000033070                syscall_pthread_join
                0x00000000000331f0                syscall_pthread_detach
                0x0000000000033350                syscall_pthread_yield
                0x0000000000033380                syscall_pthread_mutex_init
                0x00000000000333b0                syscall_pthread_mutex_destroy
                0x00000000000333c0                syscall_pthread_mutex_trylock
                0x00000000000333d0                syscall_pthread_mutex_lock
                0x00000000000333e0                pthread_mutex_timedlock
                0x00000000000333f0                syscall_pthread_mutex_unlock
                0x0000000000033400                pthread_mutexattr_init
                0x0000000000033410                pthread_mutexattr_destroy
                0x0000000000033420                pthread_mutexattr_getpshared
                0x0000000000033430                pthread_mutexattr_setpshared
                0x0000000000033440                syscall_pthread_cond_init
                0x0000000000033460                syscall_pthread_cond_destroy
                0x0000000000033470                syscall_pthread_cond_signal
                0x0000000000033520                syscall_pthread_cond_broadcast
                0x0000000000033530                syscall_pthread_cond_wait
                0x0000000000033560                pthread_cond_timedwait
                0x0000000000033570                pthread_condattr_init
                0x0000000000033580                pthread_condattr_destroy
                0x0000000000033590                pthread_condattr_getpshared
                0x00000000000335a0                pthread_condattr_setpshared
                0x00000000000335b0                pthread_spin_init
                0x00000000000335c0                pthread_spin_destroy
                0x00000000000335d0                pthread_spin_lock
                0x00000000000335e0                pthread_spin_trylock
                0x00000000000335f0                pthread_spin_unlock
                0x0000000000033600                syscall_pthread_barrier_init
                0x0000000000033630                pthread_barrier_destroy
                0x0000000000033640                pthread_barrierattr_init
                0x0000000000033650                pthread_barrierattr_destroy
                0x0000000000033660                pthread_barrierattr_getpshared
                0x0000000000033670                pthread_barrierattr_setpshared
                0x0000000000033680                syscall_pthread_barrier_wait
 *(.fixup)

.text.unlikely  0x0000000000033737       0x1f
 .text.unlikely
                0x0000000000033737       0x1f vmmap.o

.kstrtab
 *(.kstrtab)

.rodata         0x0000000000033758      0xdb4
 *(.rodata)
 .rodata        0x0000000000033758       0xa8 kbd.o
 .rodata        0x0000000000033800      0x2e4 vdisplay.o
 .rodata        0x0000000000033ae4      0x457 procintr.o
 *fill*         0x0000000000033f3b        0x1 
 .rodata        0x0000000000033f3c      0x334 syscalls.o
 .rodata        0x0000000000034270      0x20a main.o
 *fill*         0x000000000003447a        0x2 
 .rodata        0x000000000003447c       0x90 socket.o

.rodata.str1.4  0x000000000003450c      0xf5e
 .rodata.str1.4
                0x000000000003450c       0x39 timer.o
 *fill*         0x0000000000034545        0x3 
 .rodata.str1.4
                0x0000000000034548      0x102 kbd.o
 *fill*         0x000000000003464a        0x2 
 .rodata.str1.4
                0x000000000003464c      0x1c4 vdisplay.o
 .rodata.str1.4
                0x0000000000034810       0x5b fs.o
 *fill*         0x000000000003486b        0x1 
 .rodata.str1.4
                0x000000000003486c      0x101 lock.o
 *fill*         0x000000000003496d        0x3 
 .rodata.str1.4
                0x0000000000034970       0xc2 process.o
 *fill*         0x0000000000034a32        0x2 
 .rodata.str1.4
                0x0000000000034a34       0xcb fdc.o
 *fill*         0x0000000000034aff        0x1 
 .rodata.str1.4
                0x0000000000034b00      0x251 nic.o
 *fill*         0x0000000000034d51        0x3 
 .rodata.str1.4
                0x0000000000034d54      0x358 vmmap.o
 .rodata.str1.4
                0x00000000000350ac      0x3be socket.o

.rodata.str1.1  0x000000000003546a      0x37f
 .rodata.str1.1
                0x000000000003546a       0x44 timer.o
 .rodata.str1.1
                0x00000000000354ae       0x2f kbd.o
 .rodata.str1.1
                0x00000000000354dd        0x7 vdisplay.o
 .rodata.str1.1
                0x00000000000354e4       0x1d fs.o
 .rodata.str1.1
                0x0000000000035501        0x5 fat12.o
 .rodata.str1.1
                0x0000000000035506        0x5 lock.o
 .rodata.str1.1
                0x000000000003550b       0x3b syscalls.o
 .rodata.str1.1
                0x0000000000035546       0x56 process.o
 .rodata.str1.1
                0x000000000003559c       0x1d fdc.o
 .rodata.str1.1
                0x00000000000355b9       0x40 nic.o
 .rodata.str1.1
                0x00000000000355f9      0x133 vmmap.o
 .rodata.str1.1
                0x000000000003572c       0xbd socket.o

.eh_frame       0x00000000000357ec     0xb218
 .eh_frame      0x00000000000357ec      0x4f4 timer.o
 .eh_frame      0x0000000000035ce0      0x424 kbd.o
 .eh_frame      0x0000000000036104      0x2c4 string.o
 .eh_frame      0x00000000000363c8      0x67c vdisplay.o
 .eh_frame      0x0000000000036a44     0x1ce8 fs.o
 .eh_frame      0x000000000003872c      0xc18 fat12.o
 .eh_frame      0x0000000000039344      0x570 lock.o
 .eh_frame      0x00000000000398b4      0x580 procintr.o
 .eh_frame      0x0000000000039e34      0x5e8 syscalls.o
 .eh_frame      0x000000000003a41c      0x260 main.o
 .eh_frame      0x000000000003a67c      0xf0c process.o
 .eh_frame      0x000000000003b588     0x10ec fdc.o
 .eh_frame      0x000000000003c674      0x850 nic.o
 .eh_frame      0x000000000003cec4     0x18d0 vmmap.o
 .eh_frame      0x000000000003e794      0x408 semaphore.o
 .eh_frame      0x000000000003eb9c     0x1960 socket.o
 .eh_frame      0x00000000000404fc      0x508 pthread.o

.data           0x0000000000040a20     0x1c2c
 *(.data)
 .data          0x0000000000040a20        0x0 initboot.o
 .data          0x0000000000040a20      0x1b8 intr_entry.o
                0x0000000000040a20                idt_table
 .data          0x0000000000040bd8        0x8 timer.o
                0x0000000000040bd8                maxpri
                0x0000000000040bdc                basepri
 .data          0x0000000000040be0      0x530 kbd.o
                0x0000000000040be0                key_table
 .data          0x0000000000041110        0x0 string.o
 .data          0x0000000000041110        0x0 vdisplay.o
 .data          0x0000000000041110        0x6 klib.o
 *fill*         0x0000000000041116        0xa 
 .data          0x0000000000041120       0xa4 fs.o
                0x0000000000041120                fat12_vfsops
                0x0000000000041140                fat12_vnops
 .data          0x00000000000411c4        0x0 fat12.o
 .data          0x00000000000411c4        0x0 lock.o
 .data          0x00000000000411c4        0x0 procintr.o
 .data          0x00000000000411c4        0x0 syscalls.o
 .data          0x00000000000411c4        0x0 main.o
 *fill*         0x00000000000411c4       0x1c 
 .data          0x00000000000411e0      0x9e0 process.o
                0x00000000000411e4                SCHED_CLASS_SYSTEM_FUNCS
                0x0000000000041200                initial_eflags
                0x0000000000041208                gdt_desc
                0x0000000000041220                gdt_table
 .data          0x0000000000041bc0        0x0 fdc.o
 .data          0x0000000000041bc0       0x44 nic.o
                0x0000000000041bc0                no_hosts
                0x0000000000041be0                default_ports
 .data          0x0000000000041c04        0x0 vmmap.o
 .data          0x0000000000041c04        0x4 semaphore.o
 *fill*         0x0000000000041c08       0x18 
 .data          0x0000000000041c20      0xa20 socket.o
                0x0000000000041c20                next_internal_port_no
                0x0000000000041c40                temp_proc_map
                0x0000000000042040                host_hwaddr_table
 .data          0x0000000000042640        0xc pthread.o
                0x0000000000042640                barrid
                0x0000000000042644                condid
                0x0000000000042648                mutexid
                0x000000000004264c                bss_start = .

.bss            0x0000000000043000    0x1d148
 *(.bss)
 .bss           0x0000000000043000       0x5c timer.o
                0x0000000000043000                timed_event_thread
                0x0000000000043004                timer_intr_thread
                0x0000000000043008                timerthr_sleep
                0x0000000000043020                initsecs
                0x0000000000043024                secs
                0x0000000000043028                millesecs
                0x000000000004302c                timers
                0x0000000000043030                timerq_lock
                0x000000000004304c                timeoutflag
                0x0000000000043050                priocompute
                0x0000000000043054                kprunrun
                0x0000000000043058                runrun
 .bss           0x000000000004305c       0x38 kbd.o
                0x000000000004305c                kbd_thread
                0x0000000000043060                kbd_wait_lock
                0x000000000004307c                kb_flags
                0x0000000000043080                ttt
 .bss           0x0000000000043094        0x0 string.o
 .bss           0x0000000000043094        0x8 vdisplay.o
                0x0000000000043094                Y
                0x0000000000043098                X
 *fill*         0x000000000004309c        0x4 
 .bss           0x00000000000430a0     0x4bc8 fs.o
                0x00000000000430a0                delayed_write_q_tail
                0x00000000000430a4                delayed_write_q_head
                0x00000000000430a8                free_buff_list_tail
                0x00000000000430ac                free_buff_list_head
                0x00000000000430b0                hash_queue_buffers
                0x00000000000430e0                buffers
                0x0000000000047370                brelse_event
                0x0000000000047388                write_queue_lock
                0x00000000000473a4                buffer_cache_lock
                0x00000000000473c0                vnhashlist_lock_owner
                0x00000000000473c4                vnhashlist_lock
                0x00000000000473c8                rootvnode
                0x00000000000473cc                vnlist_lock
                0x0000000000047400                vnlist_hdr
                0x000000000004744c                vfs_list
                0x0000000000047460                openFileTable
                0x0000000000047c30                ftlck
                0x0000000000047c4c                harddisk_info
                0x0000000000047c5c                floppy_info
 .bss           0x0000000000047c68        0x0 fat12.o
 .bss           0x0000000000047c68        0x0 lock.o
 *fill*         0x0000000000047c68       0x18 
 .bss           0x0000000000047c80       0x40 procintr.o
                0x0000000000047c80                IRQ_handlers
 .bss           0x0000000000047cc0        0x0 syscalls.o
 .bss           0x0000000000047cc0       0xbc main.o
                0x0000000000047cc0                sync_event
                0x0000000000047cd8                lck1
                0x0000000000047cf4                lck2
                0x0000000000047d10                lck3
                0x0000000000047d2c                lck4
                0x0000000000047d48                e1
                0x0000000000047d60                e2
                0x0000000000047d78                count
 *fill*         0x0000000000047d7c        0x4 
 .bss           0x0000000000047d80    0x1055e process.o
                0x0000000000047d80                intr_threads
                0x0000000000047dc0                tsstable_lock
                0x0000000000047de0                tss_table
                0x000000000004e5e0                ldt_table
                0x000000000004e8e0                current_process
                0x000000000004e8e4                current_thread
                0x000000000004e8e8                unusedthr_count
                0x000000000004e8ec                unused_threads
                0x000000000004e8f0                terminated_threads
                0x000000000004e8f4                used_threads
                0x000000000004e8f8                unusedproc_count
                0x000000000004e8fc                unused_processes
                0x000000000004e900                suspended_processes
                0x000000000004e904                used_processes
                0x000000000004e920                ready_qtail
                0x000000000004e9a0                ready_qhead
                0x000000000004ea20                terminatehandler_event
                0x000000000004ea38                ldt_lock
                0x000000000004ea54                gdt_lock
                0x000000000004ea70                unused_threadlock
                0x000000000004ea8c                termthr_lock
                0x000000000004eaa8                used_threadlock
                0x000000000004eac4                unused_proclock
                0x000000000004eae0                suspended_proclock
                0x000000000004eafc                used_proclock
                0x000000000004eb18                ready_qlock_owner
                0x000000000004eb1c                ready_qlock
                0x000000000004eb20                sysproc_datasegment
                0x000000000004eb60                sysproc_datareg
                0x000000000004eba0                sysproc_vm
                0x000000000004ebe0                sysproc_fileinfo
                0x000000000004ec60                sysproc_outputinfo
                0x000000000004fc40                sysproc_inputinfo
                0x000000000004fe80                system_process
                0x000000000004ffa0                initialize_system
                0x0000000000054100                idle_thread
                0x0000000000058244                kbd_focus
                0x0000000000058260                initial_fpustate
 *fill*         0x00000000000582de        0x2 
 .bss           0x00000000000582e0      0x96e fdc.o
                0x00000000000582e0                fdc_thread
                0x00000000000582e4                req_drbuf_head
                0x00000000000582e8                req_drbuf_lock
                0x0000000000058304                free_drbuf_head
                0x0000000000058308                free_drbuf_lock
                0x0000000000058324                floppy_req_entry_free_event
                0x0000000000058340                drbuf
                0x0000000000058bd8                fdd
                0x0000000000058be0                floppy_event
                0x0000000000058bf8                fdc_lck
                0x0000000000058c14                fdc_waitevent
                0x0000000000058c2c                motor_on_flag
                0x0000000000058c30                drivePresent
                0x0000000000058c34                pri_fdc
                0x0000000000058c40                dma_addr
                0x0000000000058c44                dma_ch
 *fill*         0x0000000000058c4e       0x12 
 .bss           0x0000000000058c60      0x39c nic.o
                0x0000000000058c60                nicwait_start
                0x0000000000058c80                ethseqno_list
                0x0000000000058e80                __ethseqno__
                0x0000000000058e84                nicthr
                0x0000000000058e88                nic_intr_thread
                0x0000000000058e8c                this_hwaddr
                0x0000000000058e90                this_hostid
                0x0000000000058ea0                dummypkt
                0x0000000000058f04                tx_wait_pkt
                0x0000000000058f08                rx_q_empty
                0x0000000000058f20                nic_send_event
                0x0000000000058f38                nic_recv_event
                0x0000000000058f50                tx_q_tail
                0x0000000000058f54                tx_q_head
                0x0000000000058f58                rx_q_tail
                0x0000000000058f5c                rx_q_head
                0x0000000000058f60                txq_lock
                0x0000000000058f7c                rxq_lock
                0x0000000000058fa0                nic
 *fill*         0x0000000000058ffc        0x4 
 .bss           0x0000000000059000     0x40d8 vmmap.o
                0x0000000000059000                bitmap
                0x000000000005b000                ptlist
                0x000000000005b400                KERNEL_PAGE_TABLE
                0x000000000005c000                KERNEL_PAGEDIR
                0x000000000005d000                kmcount
                0x000000000005d004                kmused_list
                0x000000000005d008                kmavail_list
                0x000000000005d00c                kmmalloc_info
                0x000000000005d010                kmalloc_lock
                0x000000000005d02c                no_of_ram_segments
                0x000000000005d040                ram_segments
                0x000000000005d0b8                first_block
                0x000000000005d0bc                core_lock
 *fill*         0x000000000005d0d8        0x8 
 .bss           0x000000000005d0e0      0xef4 semaphore.o
                0x000000000005d0e0                semtable
                0x000000000005dfb8                semtable_lock
 *fill*         0x000000000005dfd4        0xc 
 .bss           0x000000000005dfe0     0x2168 socket.o
                0x000000000005dfe0                assembler_active
                0x000000000005dfe4                trans
                0x000000000005dfe8                assembthread
                0x000000000005e000                socktable
                0x000000000005fe78                socktable_lock
                0x000000000005fea0                hash_table
                0x000000000005ff68                socklist_hdr
                0x000000000005ff6c                socklist_lock
                0x000000000005ffa0                rcvpkts
                0x0000000000060130                pkt_send_event
 .bss           0x0000000000060148        0x0 pthread.o
 *(COMMON)
                0x0000000000060148                bss_end = .
LOAD intr_entry.o
LOAD timer.o
LOAD kbd.o
LOAD string.o
LOAD vdisplay.o
LOAD klib.o
LOAD fs.o
LOAD fat12.o
LOAD lock.o
LOAD procintr.o
LOAD syscalls.o
LOAD main.o
LOAD process.o
LOAD fdc.o
LOAD nic.o
LOAD vmmap.o
LOAD semaphore.o
LOAD socket.o
LOAD pthread.o
OUTPUT(kernel binary)

.comment        0x0000000000000000      0x220
 .comment       0x0000000000000000       0x20 timer.o
 .comment       0x0000000000000020       0x20 kbd.o
 .comment       0x0000000000000040       0x20 string.o
 .comment       0x0000000000000060       0x20 vdisplay.o
 .comment       0x0000000000000080       0x20 fs.o
 .comment       0x00000000000000a0       0x20 fat12.o
 .comment       0x00000000000000c0       0x20 lock.o
 .comment       0x00000000000000e0       0x20 procintr.o
 .comment       0x0000000000000100       0x20 syscalls.o
 .comment       0x0000000000000120       0x20 main.o
 .comment       0x0000000000000140       0x20 process.o
 .comment       0x0000000000000160       0x20 fdc.o
 .comment       0x0000000000000180       0x20 nic.o
 .comment       0x00000000000001a0       0x20 vmmap.o
 .comment       0x00000000000001c0       0x20 semaphore.o
 .comment       0x00000000000001e0       0x20 socket.o
 .comment       0x0000000000000200       0x20 pthread.o

.note.GNU-stack
                0x0000000000000000        0x0
 .note.GNU-stack
                0x0000000000000000        0x0 timer.o
 .note.GNU-stack
                0x0000000000000000        0x0 kbd.o
 .note.GNU-stack
                0x0000000000000000        0x0 string.o
 .note.GNU-stack
                0x0000000000000000        0x0 vdisplay.o
 .note.GNU-stack
                0x0000000000000000        0x0 fs.o
 .note.GNU-stack
                0x0000000000000000        0x0 fat12.o
 .note.GNU-stack
                0x0000000000000000        0x0 lock.o
 .note.GNU-stack
                0x0000000000000000        0x0 procintr.o
 .note.GNU-stack
                0x0000000000000000        0x0 syscalls.o
 .note.GNU-stack
                0x0000000000000000        0x0 main.o
 .note.GNU-stack
                0x0000000000000000        0x0 process.o
 .note.GNU-stack
                0x0000000000000000        0x0 fdc.o
 .note.GNU-stack
                0x0000000000000000        0x0 nic.o
 .note.GNU-stack
                0x0000000000000000        0x0 vmmap.o
 .note.GNU-stack
                0x0000000000000000        0x0 semaphore.o
 .note.GNU-stack
                0x0000000000000000        0x0 socket.o
 .note.GNU-stack
                0x0000000000000000        0x0 pthread.o

Cross Reference Table

Symbol                                            File
IRQ_handlers                                      procintr.o
KERNEL_PAGEDIR                                    vmmap.o
                                                  process.o
                                                  main.o
KERNEL_PAGE_TABLE                                 vmmap.o
                                                  process.o
SCHED_CLASS_SYSTEM_FUNCS                          process.o
X                                                 vdisplay.o
Y                                                 vdisplay.o
__ethseqno__                                      nic.o
_lock                                             lock.o
                                                  pthread.o
                                                  socket.o
                                                  semaphore.o
                                                  vmmap.o
                                                  nic.o
                                                  fdc.o
                                                  process.o
                                                  fat12.o
                                                  fs.o
                                                  kbd.o
                                                  timer.o
_main                                             initboot.o
add_hash_node                                     socket.o
add_readyq                                        process.o
                                                  semaphore.o
                                                  nic.o
                                                  fdc.o
                                                  lock.o
                                                  kbd.o
                                                  timer.o
alignment_check                                   intr_entry.o
alloc_frame_memory                                vmmap.o
alloc_ftab_slot                                   fs.o
alloc_pktindex                                    socket.o
alloc_process_file_handle                         fs.o
alloc_thread                                      process.o
alloc_vnode                                       fs.o
                                                  fat12.o
assemble                                          socket.o
                                                  main.o
assembler_active                                  socket.o
assembthread                                      socket.o
                                                  timer.o
barrid                                            pthread.o
basepri                                           timer.o
bcopy                                             klib.o
                                                  socket.o
                                                  vmmap.o
                                                  fdc.o
                                                  process.o
                                                  fat12.o
                                                  fs.o
                                                  vdisplay.o
bitmap                                            vmmap.o
bounds                                            intr_entry.o
bread                                             fs.o
                                                  fat12.o
brelease                                          fs.o
                                                  fat12.o
brelse_event                                      fs.o
bss_end                                           initboot.o
bss_start                                         initboot.o
buffer_cache_lock                                 fs.o
buffers                                           fs.o
bzero                                             klib.o
                                                  vmmap.o
                                                  nic.o
                                                  process.o
                                                  lock.o
                                                  fat12.o
change_screen                                     vdisplay.o
                                                  process.o
                                                  kbd.o
check_urgent_flags                                timer.o
                                                  intr_entry.o
checksum                                          socket.o
clear_bitn                                        klib.o
clear_paging                                      klib.o
                                                  socket.o
                                                  vmmap.o
                                                  process.o
                                                  procintr.o
                                                  vdisplay.o
cli_intr                                          klib.o
                                                  pthread.o
                                                  socket.o
                                                  semaphore.o
                                                  nic.o
                                                  fdc.o
                                                  process.o
                                                  lock.o
                                                  fs.o
                                                  kbd.o
                                                  timer.o
cmain                                             main.o
                                                  initboot.o
condid                                            pthread.o
context_switch                                    timer.o
coprocessor_error                                 intr_entry.o
coprocessor_segment_overrun                       intr_entry.o
core_alloc                                        vmmap.o
core_alloc_n                                      vmmap.o
core_free                                         vmmap.o
core_lock                                         vmmap.o
count                                             main.o
create_defsock                                    socket.o
                                                  process.o
create_process                                    process.o
create_shell_process                              main.o
create_thread                                     process.o
                                                  main.o
create_thread_in_proc                             process.o
                                                  pthread.o
current_process                                   process.o
                                                  pthread.o
                                                  socket.o
                                                  semaphore.o
                                                  vmmap.o
                                                  nic.o
                                                  fdc.o
                                                  main.o
                                                  procintr.o
                                                  fs.o
                                                  vdisplay.o
                                                  kbd.o
                                                  timer.o
current_thread                                    process.o
                                                  pthread.o
                                                  socket.o
                                                  semaphore.o
                                                  vmmap.o
                                                  nic.o
                                                  fdc.o
                                                  procintr.o
                                                  lock.o
                                                  vdisplay.o
                                                  kbd.o
                                                  timer.o
date_to_secs                                      timer.o
                                                  main.o
                                                  fat12.o
debug                                             intr_entry.o
debug_mesg                                        timer.o
decrement_ref_count                               fs.o
decrement_sockref_count                           socket.o
                                                  fs.o
default_irq_handler                               procintr.o
                                                  intr_entry.o
default_ports                                     nic.o
del_readyq                                        process.o
                                                  lock.o
delayed_write_q_head                              fs.o
delayed_write_q_tail                              fs.o
delete_socket                                     socket.o
                                                  process.o
delete_vnode                                      fs.o
deliver_packet                                    socket.o
destroy_thread                                    process.o
                                                  pthread.o
device_not_available                              intr_entry.o
disable_irq                                       klib.o
disp_PTE                                          vmmap.o
disp_page_dir                                     vmmap.o
disp_page_table                                   vmmap.o
display_sockets                                   socket.o
display_vm                                        vmmap.o
divide_error                                      intr_entry.o
dma_addr                                          fdc.o
dma_ch                                            fdc.o
do_alignment_check                                procintr.o
                                                  intr_entry.o
do_bounds                                         procintr.o
                                                  intr_entry.o
do_context_switch                                 klib.o
                                                  timer.o
do_coprocessor_error                              procintr.o
                                                  intr_entry.o
do_coprocessor_segment_overrun                    procintr.o
                                                  intr_entry.o
do_debug                                          procintr.o
                                                  intr_entry.o
do_device_not_available                           procintr.o
do_divide_error                                   procintr.o
                                                  intr_entry.o
do_double_fault                                   procintr.o
                                                  intr_entry.o
do_general_protection                             procintr.o
                                                  intr_entry.o
do_inter3                                         procintr.o
                                                  intr_entry.o
do_invalid_TSS                                    procintr.o
                                                  intr_entry.o
do_invalid_op                                     procintr.o
                                                  intr_entry.o
do_machine_check                                  procintr.o
                                                  intr_entry.o
do_nmi                                            procintr.o
                                                  intr_entry.o
do_overflow                                       procintr.o
                                                  intr_entry.o
do_page_fault                                     procintr.o
                                                  intr_entry.o
do_segment_not_present                            procintr.o
                                                  intr_entry.o
do_simd_coprocessor_error                         procintr.o
                                                  intr_entry.o
do_spurious_interrupt_bug                         procintr.o
                                                  intr_entry.o
do_stack_segment                                  procintr.o
                                                  intr_entry.o
do_unhandled_interrupt                            procintr.o
                                                  intr_entry.o
double_fault                                      intr_entry.o
drbuf                                             fdc.o
drivePresent                                      fdc.o
dummypkt                                          nic.o
dump_frame                                        socket.o
dump_packet                                       socket.o
e1                                                main.o
e2                                                main.o
enable_irq                                        klib.o
                                                  nic.o
                                                  fdc.o
                                                  procintr.o
                                                  kbd.o
enable_timer                                      klib.o
                                                  timer.o
enqueue_floppy_request                            fdc.o
                                                  fs.o
ethseqno_list                                     nic.o
event_sleep                                       lock.o
                                                  pthread.o
                                                  socket.o
                                                  nic.o
                                                  fdc.o
                                                  process.o
                                                  fs.o
                                                  kbd.o
                                                  timer.o
event_timed_sleep                                 lock.o
                                                  socket.o
                                                  nic.o
                                                  fdc.o
                                                  main.o
event_wait_remove_thread                          lock.o
event_wakeup                                      lock.o
                                                  pthread.o
                                                  socket.o
                                                  nic.o
                                                  fdc.o
                                                  process.o
                                                  fs.o
                                                  kbd.o
                                                  timer.o
eventobj_init                                     lock.o
                                                  pthread.o
                                                  socket.o
                                                  nic.o
                                                  fdc.o
                                                  process.o
                                                  main.o
                                                  fs.o
                                                  timer.o
exectask_internal                                 process.o
fat12_vfs_mount                                   fat12.o
                                                  fs.o
fat12_vfs_root                                    fat12.o
                                                  fs.o
fat12_vfs_statvfs                                 fat12.o
                                                  fs.o
fat12_vfs_sync                                    fat12.o
                                                  fs.o
fat12_vfs_unmount                                 fat12.o
                                                  fs.o
fat12_vfsops                                      fs.o
fat12_vnops                                       fs.o
fat12_vop_access                                  fat12.o
                                                  fs.o
fat12_vop_close                                   fat12.o
                                                  fs.o
fat12_vop_closedir                                fat12.o
                                                  fs.o
fat12_vop_create                                  fat12.o
                                                  fs.o
fat12_vop_destroy                                 fat12.o
                                                  fs.o
fat12_vop_getattr                                 fat12.o
                                                  fs.o
fat12_vop_getpage                                 fat12.o
                                                  fs.o
fat12_vop_inactive                                fat12.o
                                                  fs.o
fat12_vop_ioctl                                   fat12.o
                                                  fs.o
fat12_vop_link                                    fat12.o
                                                  fs.o
fat12_vop_lookup                                  fat12.o
                                                  fs.o
fat12_vop_map                                     fat12.o
                                                  fs.o
fat12_vop_mkdir                                   fat12.o
                                                  fs.o
fat12_vop_open                                    fat12.o
                                                  fs.o
fat12_vop_opendir                                 fat12.o
                                                  fs.o
fat12_vop_poll                                    fat12.o
                                                  fs.o
fat12_vop_putpage                                 fat12.o
                                                  fs.o
fat12_vop_read                                    fat12.o
                                                  fs.o
fat12_vop_readdir                                 fat12.o
                                                  fs.o
fat12_vop_readlink                                fat12.o
                                                  fs.o
fat12_vop_realvp                                  fat12.o
                                                  fs.o
fat12_vop_remove                                  fat12.o
                                                  fs.o
fat12_vop_rename                                  fat12.o
                                                  fs.o
fat12_vop_rmdir                                   fat12.o
                                                  fs.o
fat12_vop_rwlock                                  fat12.o
                                                  fs.o
fat12_vop_rwunlock                                fat12.o
                                                  fs.o
fat12_vop_seek                                    fat12.o
                                                  fs.o
fat12_vop_seekdir                                 fat12.o
                                                  fs.o
fat12_vop_setattr                                 fat12.o
                                                  fs.o
fat12_vop_symlink                                 fat12.o
                                                  fs.o
fat12_vop_telldir                                 fat12.o
                                                  fs.o
fat12_vop_trunc                                   fat12.o
                                                  fs.o
fat12_vop_write                                   fat12.o
                                                  fs.o
fat_updater                                       main.o
fdc_format                                        fdc.o
fdc_intr_handler                                  fdc.o
                                                  intr_entry.o
fdc_lck                                           fdc.o
fdc_read                                          fdc.o
fdc_reset                                         fdc.o
fdc_setup                                         fdc.o
fdc_thread                                        fdc.o
fdc_waitevent                                     fdc.o
fdc_write                                         fdc.o
fdd                                               fdc.o
                                                  main.o
first_block                                       vmmap.o
floppy_event                                      fdc.o
floppy_format                                     fdc.o
floppy_info                                       fs.o
                                                  main.o
floppy_read                                       fdc.o
floppy_req_entry_free_event                       fdc.o
floppy_setup                                      fdc.o
                                                  main.o
floppy_thread                                     fdc.o
                                                  main.o
floppy_write                                      fdc.o
flush_buffers                                     fs.o
                                                  fat12.o
free_buff_list_head                               fs.o
free_buff_list_tail                               fs.o
free_drbuf_head                                   fdc.o
free_drbuf_lock                                   fdc.o
free_floppy_request                               fdc.o
                                                  fs.o
free_frame_buffer                                 nic.o
                                                  socket.o
free_packet                                       socket.o
ftlck                                             fs.o
gdt_desc                                          process.o
                                                  vmmap.o
                                                  initboot.o
gdt_lock                                          process.o
gdt_table                                         process.o
                                                  vmmap.o
                                                  nic.o
                                                  fdc.o
                                                  vdisplay.o
                                                  kbd.o
                                                  timer.o
                                                  initboot.o
general_protection                                intr_entry.o
get_cr0                                           klib.o
                                                  nic.o
                                                  fdc.o
                                                  vdisplay.o
                                                  kbd.o
                                                  timer.o
get_cr2                                           klib.o
                                                  procintr.o
get_cr3                                           klib.o
                                                  vdisplay.o
get_curdir                                        fs.o
                                                  process.o
get_eflags                                        klib.o
                                                  pthread.o
                                                  socket.o
                                                  semaphore.o
                                                  fdc.o
                                                  process.o
                                                  lock.o
                                                  fs.o
                                                  timer.o
get_irqstatus                                     klib.o
get_pdir                                          fs.o
                                                  fat12.o
get_processid                                     socket.o
get_rootdir                                       fs.o
                                                  process.o
get_sys_data                                      main.o
                                                  initboot.o
get_threadid                                      socket.o
get_tr                                            klib.o
get_video_param                                   vdisplay.o
get_vnode                                         fs.o
                                                  process.o
                                                  fat12.o
getblk                                            fs.o
halt_system                                       process.o
harddisk_info                                     fs.o
                                                  main.o
hash_queue_buffers                                fs.o
hash_table                                        socket.o
host_hwaddr_table                                 socket.o
                                                  nic.o
idle_thread                                       process.o
idlethread_routine                                process.o
idt_table                                         intr_entry.o
ignore_int                                        intr_entry.o
in_byte                                           klib.o
                                                  nic.o
                                                  fdc.o
                                                  procintr.o
                                                  vdisplay.o
                                                  kbd.o
in_word                                           klib.o
                                                  nic.o
increment_ref_count                               fs.o
                                                  process.o
increment_sockref_count                           socket.o
                                                  fs.o
init_system_service_thread                        main.o
initial_eflags                                    process.o
initial_fpustate                                  process.o
                                                  initboot.o
[...]
syscall_close_socket                              socket.o
                                                  fs.o
syscall_closedir                                  fs.o
                                                  syscalls.o
syscall_connect                                   socket.o
                                                  syscalls.o
syscall_creat                                     fs.o
                                                  syscalls.o
syscall_dup                                       fs.o
                                                  syscalls.o
syscall_dup2                                      fs.o
                                                  syscalls.o
syscall_exectask                                  process.o
                                                  main.o
                                                  syscalls.o
syscall_exit                                      process.o
                                                  syscalls.o
syscall_fchdir                                    fs.o
syscall_getchar                                   kbd.o
                                                  syscalls.o
                                                  fs.o
syscall_getchare                                  kbd.o
                                                  syscalls.o
syscall_getcharf                                  fs.o
                                                  syscalls.o
syscall_getpids                                   process.o
                                                  syscalls.o
syscall_getprocinfo                               process.o
                                                  syscalls.o
syscall_getscanchar                               kbd.o
                                                  syscalls.o
syscall_gettsc                                    timer.o
                                                  syscalls.o
syscall_gotoscr                                   kbd.o
                                                  syscalls.o
syscall_kill                                      process.o
                                                  syscalls.o
syscall_listen                                    socket.o
                                                  syscalls.o
syscall_lscr                                      kbd.o
                                                  syscalls.o
syscall_lseek                                     fs.o
                                                  process.o
                                                  syscalls.o
syscall_machid                                    nic.o
                                                  syscalls.o
syscall_mkdir                                     fs.o
                                                  syscalls.o
syscall_notimplemented                            syscalls.o
syscall_open                                      fs.o
                                                  process.o
                                                  syscalls.o
syscall_opendir                                   fs.o
                                                  syscalls.o
syscall_pageinfo                                  process.o
                                                  syscalls.o
                                                  procintr.o
syscall_prifree                                   vmmap.o
                                                  syscalls.o
syscall_primalloc                                 vmmap.o
                                                  syscalls.o
syscall_pthread_barrier_init                      pthread.o
                                                  syscalls.o
syscall_pthread_barrier_wait                      pthread.o
                                                  syscalls.o
syscall_pthread_cond_broadcast                    pthread.o
                                                  syscalls.o
syscall_pthread_cond_destroy                      pthread.o
syscall_pthread_cond_init                         pthread.o
                                                  syscalls.o
syscall_pthread_cond_signal                       pthread.o
                                                  syscalls.o
syscall_pthread_cond_wait                         pthread.o
                                                  syscalls.o
syscall_pthread_create                            pthread.o
                                                  syscalls.o
syscall_pthread_detach                            pthread.o
                                                  syscalls.o
syscall_pthread_exit                              pthread.o
                                                  syscalls.o
                                                  procintr.o
syscall_pthread_join                              pthread.o
                                                  syscalls.o
syscall_pthread_mutex_destroy                     pthread.o
                                                  syscalls.o
syscall_pthread_mutex_init                        pthread.o
                                                  syscalls.o
syscall_pthread_mutex_lock                        pthread.o
                                                  syscalls.o
syscall_pthread_mutex_trylock                     pthread.o
                                                  syscalls.o
syscall_pthread_mutex_unlock                      pthread.o
                                                  syscalls.o
syscall_pthread_self                              pthread.o
                                                  syscalls.o
syscall_pthread_yield                             pthread.o
                                                  syscalls.o
syscall_ptime                                     timer.o
syscall_putchar                                   vdisplay.o
                                                  syscalls.o
syscall_puts                                      vdisplay.o
                                                  syscalls.o
                                                  timer.o
syscall_read                                      fs.o
                                                  process.o
                                                  syscalls.o
syscall_readblocks                                fs.o
                                                  syscalls.o
                                                  fat12.o
syscall_readdir                                   fs.o
                                                  syscalls.o
syscall_recv                                      socket.o
                                                  syscalls.o
                                                  fs.o
syscall_recvfrom                                  socket.o
                                                  syscalls.o
syscall_rename                                    fs.o
                                                  syscalls.o
syscall_rewinddir                                 fs.o
                                                  syscalls.o
syscall_rmdir                                     fs.o
                                                  syscalls.o
syscall_seekdir                                   fs.o
                                                  syscalls.o
syscall_sem_close                                 semaphore.o
                                                  syscalls.o
syscall_sem_destroy                               semaphore.o
                                                  syscalls.o
syscall_sem_getvalue                              semaphore.o
                                                  syscalls.o
syscall_sem_init                                  semaphore.o
                                                  syscalls.o
syscall_sem_open                                  semaphore.o
                                                  syscalls.o
syscall_sem_post                                  semaphore.o
                                                  syscalls.o
syscall_sem_timedwait                             semaphore.o
                                                  syscalls.o
syscall_sem_trywait                               semaphore.o
                                                  syscalls.o
syscall_sem_unlink                                semaphore.o
                                                  syscalls.o
syscall_sem_wait                                  semaphore.o
                                                  syscalls.o
syscall_send                                      socket.o
                                                  syscalls.o
                                                  fs.o
syscall_sendto                                    socket.o
                                                  syscalls.o
syscall_setcursor                                 vdisplay.o
                                                  syscalls.o
syscall_socket                                    socket.o
                                                  syscalls.o
syscall_stat                                      fs.o
                                                  syscalls.o
syscall_sync                                      fat12.o
                                                  process.o
                                                  main.o
                                                  syscalls.o
syscall_telldir                                   fs.o
                                                  syscalls.o
syscall_test                                      syscalls.o
syscall_time                                      timer.o
                                                  syscalls.o
syscall_trecvfrom                                 socket.o
                                                  syscalls.o
syscall_tsendto                                   socket.o
                                                  syscalls.o
syscall_tsleep                                    timer.o
                                                  nic.o
                                                  fdc.o
                                                  main.o
                                                  syscalls.o
syscall_twakeup                                   timer.o
syscall_ungetcharf                                fs.o
                                                  syscalls.o
syscall_unlink                                    fs.o
                                                  syscalls.o
syscall_wait                                      process.o
                                                  syscalls.o
syscall_write                                     fs.o
                                                  syscalls.o
syscall_writeblocks                               fs.o
                                                  syscalls.o
                                                  fat12.o
sysproc_datareg                                   process.o
sysproc_datasegment                               process.o
sysproc_fileinfo                                  process.o
sysproc_inputinfo                                 process.o
sysproc_outputinfo                                process.o
sysproc_vm                                        process.o
system_process                                    process.o
                                                  nic.o
                                                  fdc.o
                                                  main.o
                                                  kbd.o
systemcall                                        syscalls.o
                                                  intr_entry.o
temp_proc_map                                     socket.o
terminate_initialize_system_thread                process.o
                                                  main.o
terminate_process                                 process.o
terminate_thread                                  process.o
terminated_threads                                process.o
terminatehandler_event                            process.o
termthr_lock                                      process.o
test_and_set                                      klib.o
                                                  lock.o
test_and_set_bitn                                 klib.o
this_hostid                                       nic.o
                                                  socket.o
                                                  process.o
this_hwaddr                                       nic.o
                                                  socket.o
thread_exit                                       process.o
                                                  pthread.o
thread_terminate_handler                          process.o
                                                  main.o
timed_event_thread                                timer.o
timeoutflag                                       timer.o
timer_handler                                     timer.o
                                                  intr_entry.o
timer_intr_thread                                 timer.o
timerobj_init                                     timer.o
                                                  socket.o
                                                  semaphore.o
                                                  lock.o
timerq_lock                                       timer.o
                                                  semaphore.o
                                                  lock.o
timers                                            timer.o
                                                  socket.o
timerthr_sleep                                    timer.o
timerthread                                       timer.o
                                                  main.o
tolower                                           string.o
toupper                                           string.o
                                                  process.o
                                                  fat12.o
trans                                             socket.o
                                                  timer.o
trecvfrom_internal                                socket.o
trylock                                           lock.o
                                                  pthread.o
tss_table                                         process.o
tsstable_lock                                     process.o
ttt                                               kbd.o
tx_q_head                                         nic.o
                                                  socket.o
                                                  kbd.o
tx_q_tail                                         nic.o
                                                  socket.o
                                                  kbd.o
tx_wait_pkt                                       nic.o
                                                  kbd.o
                                                  timer.o
txq_lock                                          nic.o
                                                  socket.o
unlock                                            lock.o
                                                  pthread.o
                                                  socket.o
                                                  semaphore.o
                                                  vmmap.o
                                                  nic.o
                                                  fdc.o
                                                  process.o
                                                  fat12.o
                                                  fs.o
                                                  kbd.o
                                                  timer.o
unlock_page                                       vmmap.o
unused_processes                                  process.o
unused_proclock                                   process.o
unused_threadlock                                 process.o
unused_threads                                    process.o
unusedproc_count                                  process.o
unusedthr_count                                   process.o
used_processes                                    process.o
                                                  socket.o
                                                  kbd.o
used_proclock                                     process.o
                                                  socket.o
used_threadlock                                   process.o
used_threads                                      process.o
                                                  kbd.o
valid_handle                                      fs.o
vfs_list                                          fs.o
vm2physcopy                                       vmmap.o
                                                  socket.o
                                                  process.o
vm2vmcopy                                         vmmap.o
vm_addregion                                      vmmap.o
                                                  process.o
vm_attachmemsegment                               vmmap.o
vm_createvm                                       vmmap.o
                                                  process.o
vm_delregion                                      vmmap.o
vm_delregionend                                   vmmap.o
                                                  process.o
vm_destroy                                        vmmap.o
                                                  process.o
vm_detachmemsegment                               vmmap.o
vm_expanddownregion                               vmmap.o
                                                  procintr.o
vm_expandregion                                   vmmap.o
vm_getaccesslist                                  vmmap.o
vm_getattr                                        vmmap.o
vm_getdirtylist                                   vmmap.o
vm_getmemsegment                                  vmmap.o
vm_getpdentry                                     vmmap.o
                                                  pthread.o
                                                  process.o
                                                  procintr.o
vm_getptentry                                     vmmap.o
                                                  process.o
                                                  procintr.o
                                                  vdisplay.o
vm_releasesegment                                 vmmap.o
vm_setattr                                        vmmap.o
vm_shrinkregion                                   vmmap.o
vnhashlist_lock                                   fs.o
vnhashlist_lock_owner                             fs.o
vnlist_hdr                                        fs.o
vnlist_lock                                       fs.o
                                                  fat12.o
vnode_add_hashlist                                fs.o
                                                  fat12.o
vnode_del_hashlist                                fs.o
                                                  fat12.o
vsprintf                                          vdisplay.o
wakeup                                            process.o
                                                  pthread.o
                                                  semaphore.o
                                                  timer.o
write_block                                       fs.o
                                                  fat12.o
write_fat12                                       fat12.o
                                                  main.o
write_queue_lock                                  fs.o
